Set random seed to 0
***** Loading Model time_anchor *****

device = cuda
Loading model weights from /home/JJJ/MFRV/output
Initialized model TemporalRelationClassificationAndRelativeAnchor(
  (roberta): RobertaModel(
    (embeddings): RobertaEmbeddings(
      (word_embeddings): Embedding(50265, 768, padding_idx=1)
      (position_embeddings): Embedding(514, 768, padding_idx=1)
      (token_type_embeddings): Embedding(1, 768)
      (LayerNorm): LayerNorm((768,), eps=1e-05, elementwise_affine=True)
      (dropout): Dropout(p=0.1, inplace=False)
    )
    (encoder): RobertaEncoder(
      (layer): ModuleList(
        (0): RobertaLayer(
          (attention): RobertaAttention(
            (self): RobertaSelfAttention(
              (query): Linear(in_features=768, out_features=768, bias=True)
              (key): Linear(in_features=768, out_features=768, bias=True)
              (value): Linear(in_features=768, out_features=768, bias=True)
              (dropout): Dropout(p=0.1, inplace=False)
            )
            (output): RobertaSelfOutput(
              (dense): Linear(in_features=768, out_features=768, bias=True)
              (LayerNorm): LayerNorm((768,), eps=1e-05, elementwise_affine=True)
              (dropout): Dropout(p=0.1, inplace=False)
            )
          )
          (intermediate): RobertaIntermediate(
            (dense): Linear(in_features=768, out_features=3072, bias=True)
          )
          (output): RobertaOutput(
            (dense): Linear(in_features=3072, out_features=768, bias=True)
            (LayerNorm): LayerNorm((768,), eps=1e-05, elementwise_affine=True)
            (dropout): Dropout(p=0.1, inplace=False)
          )
        )
        (1): RobertaLayer(
          (attention): RobertaAttention(
            (self): RobertaSelfAttention(
              (query): Linear(in_features=768, out_features=768, bias=True)
              (key): Linear(in_features=768, out_features=768, bias=True)
              (value): Linear(in_features=768, out_features=768, bias=True)
              (dropout): Dropout(p=0.1, inplace=False)
            )
            (output): RobertaSelfOutput(
              (dense): Linear(in_features=768, out_features=768, bias=True)
              (LayerNorm): LayerNorm((768,), eps=1e-05, elementwise_affine=True)
              (dropout): Dropout(p=0.1, inplace=False)
            )
          )
          (intermediate): RobertaIntermediate(
            (dense): Linear(in_features=768, out_features=3072, bias=True)
          )
          (output): RobertaOutput(
            (dense): Linear(in_features=3072, out_features=768, bias=True)
            (LayerNorm): LayerNorm((768,), eps=1e-05, elementwise_affine=True)
            (dropout): Dropout(p=0.1, inplace=False)
          )
        )
        (2): RobertaLayer(
          (attention): RobertaAttention(
            (self): RobertaSelfAttention(
              (query): Linear(in_features=768, out_features=768, bias=True)
              (key): Linear(in_features=768, out_features=768, bias=True)
              (value): Linear(in_features=768, out_features=768, bias=True)
              (dropout): Dropout(p=0.1, inplace=False)
            )
            (output): RobertaSelfOutput(
              (dense): Linear(in_features=768, out_features=768, bias=True)
              (LayerNorm): LayerNorm((768,), eps=1e-05, elementwise_affine=True)
              (dropout): Dropout(p=0.1, inplace=False)
            )
          )
          (intermediate): RobertaIntermediate(
            (dense): Linear(in_features=768, out_features=3072, bias=True)
          )
          (output): RobertaOutput(
            (dense): Linear(in_features=3072, out_features=768, bias=True)
            (LayerNorm): LayerNorm((768,), eps=1e-05, elementwise_affine=True)
            (dropout): Dropout(p=0.1, inplace=False)
          )
        )
        (3): RobertaLayer(
          (attention): RobertaAttention(
            (self): RobertaSelfAttention(
              (query): Linear(in_features=768, out_features=768, bias=True)
              (key): Linear(in_features=768, out_features=768, bias=True)
              (value): Linear(in_features=768, out_features=768, bias=True)
              (dropout): Dropout(p=0.1, inplace=False)
            )
            (output): RobertaSelfOutput(
              (dense): Linear(in_features=768, out_features=768, bias=True)
              (LayerNorm): LayerNorm((768,), eps=1e-05, elementwise_affine=True)
              (dropout): Dropout(p=0.1, inplace=False)
            )
          )
          (intermediate): RobertaIntermediate(
            (dense): Linear(in_features=768, out_features=3072, bias=True)
          )
          (output): RobertaOutput(
            (dense): Linear(in_features=3072, out_features=768, bias=True)
            (LayerNorm): LayerNorm((768,), eps=1e-05, elementwise_affine=True)
            (dropout): Dropout(p=0.1, inplace=False)
          )
        )
        (4): RobertaLayer(
          (attention): RobertaAttention(
            (self): RobertaSelfAttention(
              (query): Linear(in_features=768, out_features=768, bias=True)
              (key): Linear(in_features=768, out_features=768, bias=True)
              (value): Linear(in_features=768, out_features=768, bias=True)
              (dropout): Dropout(p=0.1, inplace=False)
            )
            (output): RobertaSelfOutput(
              (dense): Linear(in_features=768, out_features=768, bias=True)
              (LayerNorm): LayerNorm((768,), eps=1e-05, elementwise_affine=True)
              (dropout): Dropout(p=0.1, inplace=False)
            )
          )
          (intermediate): RobertaIntermediate(
            (dense): Linear(in_features=768, out_features=3072, bias=True)
          )
          (output): RobertaOutput(
            (dense): Linear(in_features=3072, out_features=768, bias=True)
            (LayerNorm): LayerNorm((768,), eps=1e-05, elementwise_affine=True)
            (dropout): Dropout(p=0.1, inplace=False)
          )
        )
        (5): RobertaLayer(
          (attention): RobertaAttention(
            (self): RobertaSelfAttention(
              (query): Linear(in_features=768, out_features=768, bias=True)
              (key): Linear(in_features=768, out_features=768, bias=True)
              (value): Linear(in_features=768, out_features=768, bias=True)
              (dropout): Dropout(p=0.1, inplace=False)
            )
            (output): RobertaSelfOutput(
              (dense): Linear(in_features=768, out_features=768, bias=True)
              (LayerNorm): LayerNorm((768,), eps=1e-05, elementwise_affine=True)
              (dropout): Dropout(p=0.1, inplace=False)
            )
          )
          (intermediate): RobertaIntermediate(
            (dense): Linear(in_features=768, out_features=3072, bias=True)
          )
          (output): RobertaOutput(
            (dense): Linear(in_features=3072, out_features=768, bias=True)
            (LayerNorm): LayerNorm((768,), eps=1e-05, elementwise_affine=True)
            (dropout): Dropout(p=0.1, inplace=False)
          )
        )
        (6): RobertaLayer(
          (attention): RobertaAttention(
            (self): RobertaSelfAttention(
              (query): Linear(in_features=768, out_features=768, bias=True)
              (key): Linear(in_features=768, out_features=768, bias=True)
              (value): Linear(in_features=768, out_features=768, bias=True)
              (dropout): Dropout(p=0.1, inplace=False)
            )
            (output): RobertaSelfOutput(
              (dense): Linear(in_features=768, out_features=768, bias=True)
              (LayerNorm): LayerNorm((768,), eps=1e-05, elementwise_affine=True)
              (dropout): Dropout(p=0.1, inplace=False)
            )
          )
          (intermediate): RobertaIntermediate(
            (dense): Linear(in_features=768, out_features=3072, bias=True)
          )
          (output): RobertaOutput(
            (dense): Linear(in_features=3072, out_features=768, bias=True)
            (LayerNorm): LayerNorm((768,), eps=1e-05, elementwise_affine=True)
            (dropout): Dropout(p=0.1, inplace=False)
          )
        )
        (7): RobertaLayer(
          (attention): RobertaAttention(
            (self): RobertaSelfAttention(
              (query): Linear(in_features=768, out_features=768, bias=True)
              (key): Linear(in_features=768, out_features=768, bias=True)
              (value): Linear(in_features=768, out_features=768, bias=True)
              (dropout): Dropout(p=0.1, inplace=False)
            )
            (output): RobertaSelfOutput(
              (dense): Linear(in_features=768, out_features=768, bias=True)
              (LayerNorm): LayerNorm((768,), eps=1e-05, elementwise_affine=True)
              (dropout): Dropout(p=0.1, inplace=False)
            )
          )
          (intermediate): RobertaIntermediate(
            (dense): Linear(in_features=768, out_features=3072, bias=True)
          )
          (output): RobertaOutput(
            (dense): Linear(in_features=3072, out_features=768, bias=True)
            (LayerNorm): LayerNorm((768,), eps=1e-05, elementwise_affine=True)
            (dropout): Dropout(p=0.1, inplace=False)
          )
        )
        (8): RobertaLayer(
          (attention): RobertaAttention(
            (self): RobertaSelfAttention(
              (query): Linear(in_features=768, out_features=768, bias=True)
              (key): Linear(in_features=768, out_features=768, bias=True)
              (value): Linear(in_features=768, out_features=768, bias=True)
              (dropout): Dropout(p=0.1, inplace=False)
            )
            (output): RobertaSelfOutput(
              (dense): Linear(in_features=768, out_features=768, bias=True)
              (LayerNorm): LayerNorm((768,), eps=1e-05, elementwise_affine=True)
              (dropout): Dropout(p=0.1, inplace=False)
            )
          )
          (intermediate): RobertaIntermediate(
            (dense): Linear(in_features=768, out_features=3072, bias=True)
          )
          (output): RobertaOutput(
            (dense): Linear(in_features=3072, out_features=768, bias=True)
            (LayerNorm): LayerNorm((768,), eps=1e-05, elementwise_affine=True)
            (dropout): Dropout(p=0.1, inplace=False)
          )
        )
        (9): RobertaLayer(
          (attention): RobertaAttention(
            (self): RobertaSelfAttention(
              (query): Linear(in_features=768, out_features=768, bias=True)
              (key): Linear(in_features=768, out_features=768, bias=True)
              (value): Linear(in_features=768, out_features=768, bias=True)
              (dropout): Dropout(p=0.1, inplace=False)
            )
            (output): RobertaSelfOutput(
              (dense): Linear(in_features=768, out_features=768, bias=True)
              (LayerNorm): LayerNorm((768,), eps=1e-05, elementwise_affine=True)
              (dropout): Dropout(p=0.1, inplace=False)
            )
          )
          (intermediate): RobertaIntermediate(
            (dense): Linear(in_features=768, out_features=3072, bias=True)
          )
          (output): RobertaOutput(
            (dense): Linear(in_features=3072, out_features=768, bias=True)
            (LayerNorm): LayerNorm((768,), eps=1e-05, elementwise_affine=True)
            (dropout): Dropout(p=0.1, inplace=False)
          )
        )
        (10): RobertaLayer(
          (attention): RobertaAttention(
            (self): RobertaSelfAttention(
              (query): Linear(in_features=768, out_features=768, bias=True)
              (key): Linear(in_features=768, out_features=768, bias=True)
              (value): Linear(in_features=768, out_features=768, bias=True)
              (dropout): Dropout(p=0.1, inplace=False)
            )
            (output): RobertaSelfOutput(
              (dense): Linear(in_features=768, out_features=768, bias=True)
              (LayerNorm): LayerNorm((768,), eps=1e-05, elementwise_affine=True)
              (dropout): Dropout(p=0.1, inplace=False)
            )
          )
          (intermediate): RobertaIntermediate(
            (dense): Linear(in_features=768, out_features=3072, bias=True)
          )
          (output): RobertaOutput(
            (dense): Linear(in_features=3072, out_features=768, bias=True)
            (LayerNorm): LayerNorm((768,), eps=1e-05, elementwise_affine=True)
            (dropout): Dropout(p=0.1, inplace=False)
          )
        )
        (11): RobertaLayer(
          (attention): RobertaAttention(
            (self): RobertaSelfAttention(
              (query): Linear(in_features=768, out_features=768, bias=True)
              (key): Linear(in_features=768, out_features=768, bias=True)
              (value): Linear(in_features=768, out_features=768, bias=True)
              (dropout): Dropout(p=0.1, inplace=False)
            )
            (output): RobertaSelfOutput(
              (dense): Linear(in_features=768, out_features=768, bias=True)
              (LayerNorm): LayerNorm((768,), eps=1e-05, elementwise_affine=True)
              (dropout): Dropout(p=0.1, inplace=False)
            )
          )
          (intermediate): RobertaIntermediate(
            (dense): Linear(in_features=768, out_features=3072, bias=True)
          )
          (output): RobertaOutput(
            (dense): Linear(in_features=3072, out_features=768, bias=True)
            (LayerNorm): LayerNorm((768,), eps=1e-05, elementwise_affine=True)
            (dropout): Dropout(p=0.1, inplace=False)
          )
        )
      )
    )
    (pooler): RobertaPooler(
      (dense): Linear(in_features=768, out_features=768, bias=True)
      (activation): Tanh()
    )
  )
  (dropout): Dropout(p=0.1, inplace=False)
  (common_sense_emb): Embedding(4, 64)
  (classifier): RobertaClassificationHead(
    (dense): Linear(in_features=1602, out_features=1602, bias=True)
    (dropout): Dropout(p=0.1, inplace=False)
    (out_proj): Linear(in_features=1602, out_features=4, bias=True)
  )
  (time_anchor): RobertaClassificationHead(
    (dense): Linear(in_features=768, out_features=768, bias=True)
    (dropout): Dropout(p=0.1, inplace=False)
    (out_proj): Linear(in_features=768, out_features=1, bias=True)
  )
  (roberta_embeddings): Embedding(50265, 768, padding_idx=1)
)
***** Setting up tokenizer *****

Loading tokenizer from cache files
***** Loading Dataset *****

---------
ratio=0.3,emb_size=200,layer=1
---------
ratio=0.3,emb_size=200,layer=1
All = 35508, Train=35508, Dev=7608
---------
ratio=0.3,emb_size=200,layer=1
---------
ratio=0.3,emb_size=200,layer=1
Test = 7421
---------
ratio=0.3,emb_size=200,layer=1
***** Loading Model time_anchor *****

device = cuda
Loading model weights from /home/JJJ/MFRV/output
Index 1: Predicted label 1 does not match actual label 0
Index 10: Predicted label 1 does not match actual label 0
Index 15: Predicted label 1 does not match actual label 0
Index 18: Predicted label 1 does not match actual label 0
Index 19: Predicted label 1 does not match actual label 0
Index 28: Predicted label 1 does not match actual label 0
Index 29: Predicted label 1 does not match actual label 0
Index 35: Predicted label 1 does not match actual label 0
Index 37: Predicted label 0 does not match actual label 1
Index 38: Predicted label 1 does not match actual label 0
Index 47: Predicted label 1 does not match actual label 0
Index 55: Predicted label 0 does not match actual label 2
Index 57: Predicted label 0 does not match actual label 3
Index 63: Predicted label 1 does not match actual label 0
Index 72: Predicted label 1 does not match actual label 0
Index 76: Predicted label 1 does not match actual label 0
Index 80: Predicted label 1 does not match actual label 0
Index 98: Predicted label 1 does not match actual label 0
Index 99: Predicted label 1 does not match actual label 0
Index 102: Predicted label 0 does not match actual label 1
Index 104: Predicted label 1 does not match actual label 0
Index 105: Predicted label 1 does not match actual label 0
Index 108: Predicted label 1 does not match actual label 0
Index 120: Predicted label 0 does not match actual label 1
Index 121: Predicted label 1 does not match actual label 0
Index 122: Predicted label 1 does not match actual label 0
Index 127: Predicted label 1 does not match actual label 0
Index 131: Predicted label 1 does not match actual label 0
Index 132: Predicted label 1 does not match actual label 0
Index 133: Predicted label 0 does not match actual label 1
Index 134: Predicted label 0 does not match actual label 1
Index 136: Predicted label 1 does not match actual label 0
Index 145: Predicted label 0 does not match actual label 2
Index 150: Predicted label 1 does not match actual label 0
Index 154: Predicted label 1 does not match actual label 0
Index 155: Predicted label 1 does not match actual label 0
Index 169: Predicted label 1 does not match actual label 0
Index 170: Predicted label 1 does not match actual label 0
Index 171: Predicted label 1 does not match actual label 0
Index 172: Predicted label 1 does not match actual label 0
Index 184: Predicted label 1 does not match actual label 0
Index 188: Predicted label 1 does not match actual label 0
Index 222: Predicted label 1 does not match actual label 0
Index 226: Predicted label 0 does not match actual label 1
Index 227: Predicted label 1 does not match actual label 0
Index 228: Predicted label 0 does not match actual label 1
Index 233: Predicted label 1 does not match actual label 0
Index 235: Predicted label 1 does not match actual label 0
Index 237: Predicted label 0 does not match actual label 2
Index 248: Predicted label 0 does not match actual label 1
Index 251: Predicted label 0 does not match actual label 1
Index 252: Predicted label 1 does not match actual label 0
Index 274: Predicted label 1 does not match actual label 0
Index 277: Predicted label 1 does not match actual label 0
Index 283: Predicted label 1 does not match actual label 0
Index 289: Predicted label 1 does not match actual label 0
Index 314: Predicted label 1 does not match actual label 0
Index 316: Predicted label 1 does not match actual label 0
Index 318: Predicted label 1 does not match actual label 0
Index 325: Predicted label 1 does not match actual label 0
Index 331: Predicted label 1 does not match actual label 0
Index 334: Predicted label 0 does not match actual label 2
Index 336: Predicted label 1 does not match actual label 0
Index 345: Predicted label 1 does not match actual label 0
Index 347: Predicted label 0 does not match actual label 1
Index 348: Predicted label 0 does not match actual label 2
Index 359: Predicted label 0 does not match actual label 1
Index 360: Predicted label 0 does not match actual label 1
Index 365: Predicted label 1 does not match actual label 0
Index 370: Predicted label 1 does not match actual label 0
Index 374: Predicted label 0 does not match actual label 1
Index 375: Predicted label 1 does not match actual label 0
Index 376: Predicted label 1 does not match actual label 3
Index 379: Predicted label 0 does not match actual label 1
Index 380: Predicted label 1 does not match actual label 0
Index 382: Predicted label 0 does not match actual label 1
Index 383: Predicted label 1 does not match actual label 0
Index 388: Predicted label 1 does not match actual label 0
Index 391: Predicted label 0 does not match actual label 1
Index 399: Predicted label 0 does not match actual label 1
Index 400: Predicted label 0 does not match actual label 1
Index 401: Predicted label 0 does not match actual label 1
Index 402: Predicted label 0 does not match actual label 1
Index 423: Predicted label 0 does not match actual label 1
Index 428: Predicted label 1 does not match actual label 0
Index 435: Predicted label 1 does not match actual label 0
Index 436: Predicted label 1 does not match actual label 0
Index 442: Predicted label 1 does not match actual label 0
Index 444: Predicted label 0 does not match actual label 2
Index 447: Predicted label 1 does not match actual label 0
Index 453: Predicted label 1 does not match actual label 0
Index 455: Predicted label 1 does not match actual label 0
Index 456: Predicted label 1 does not match actual label 0
Index 458: Predicted label 1 does not match actual label 0
Index 461: Predicted label 1 does not match actual label 0
Index 462: Predicted label 1 does not match actual label 0
Index 466: Predicted label 1 does not match actual label 0
Index 468: Predicted label 1 does not match actual label 0
Index 470: Predicted label 1 does not match actual label 3
Index 474: Predicted label 1 does not match actual label 0
Index 482: Predicted label 1 does not match actual label 0
Index 488: Predicted label 1 does not match actual label 0
Index 491: Predicted label 1 does not match actual label 0
Index 496: Predicted label 0 does not match actual label 1
Index 497: Predicted label 0 does not match actual label 1
Index 498: Predicted label 1 does not match actual label 0
Index 499: Predicted label 1 does not match actual label 0
Index 506: Predicted label 1 does not match actual label 0
Index 508: Predicted label 1 does not match actual label 0
Index 514: Predicted label 1 does not match actual label 0
Index 523: Predicted label 1 does not match actual label 2
Index 526: Predicted label 0 does not match actual label 1
Index 531: Predicted label 1 does not match actual label 0
Index 538: Predicted label 1 does not match actual label 0
Index 542: Predicted label 0 does not match actual label 3
Index 544: Predicted label 1 does not match actual label 0
Index 546: Predicted label 0 does not match actual label 1
Index 549: Predicted label 1 does not match actual label 0
Index 550: Predicted label 0 does not match actual label 1
Index 551: Predicted label 1 does not match actual label 0
Index 553: Predicted label 0 does not match actual label 1
Index 555: Predicted label 1 does not match actual label 0
Index 561: Predicted label 0 does not match actual label 2
Index 566: Predicted label 1 does not match actual label 0
Index 571: Predicted label 0 does not match actual label 1
Index 574: Predicted label 1 does not match actual label 0
Index 576: Predicted label 1 does not match actual label 3
Index 578: Predicted label 0 does not match actual label 1
Index 579: Predicted label 1 does not match actual label 0
Index 585: Predicted label 1 does not match actual label 0
Index 590: Predicted label 1 does not match actual label 0
Index 593: Predicted label 1 does not match actual label 0
Index 597: Predicted label 1 does not match actual label 0
Index 598: Predicted label 1 does not match actual label 0
Index 600: Predicted label 1 does not match actual label 0
Index 605: Predicted label 1 does not match actual label 0
Index 607: Predicted label 1 does not match actual label 0
Index 615: Predicted label 0 does not match actual label 1
Index 618: Predicted label 1 does not match actual label 0
Index 619: Predicted label 1 does not match actual label 0
Index 620: Predicted label 0 does not match actual label 1
Index 623: Predicted label 1 does not match actual label 0
Index 627: Predicted label 1 does not match actual label 0
Index 630: Predicted label 1 does not match actual label 0
Index 631: Predicted label 1 does not match actual label 0
Index 633: Predicted label 1 does not match actual label 0
Index 635: Predicted label 1 does not match actual label 0
Index 638: Predicted label 0 does not match actual label 1
Index 639: Predicted label 1 does not match actual label 0
Index 645: Predicted label 1 does not match actual label 0
Index 666: Predicted label 1 does not match actual label 0
Index 683: Predicted label 1 does not match actual label 0
Index 685: Predicted label 1 does not match actual label 0
Index 688: Predicted label 1 does not match actual label 0
Index 691: Predicted label 1 does not match actual label 0
Index 695: Predicted label 1 does not match actual label 0
Index 697: Predicted label 1 does not match actual label 0
Index 700: Predicted label 1 does not match actual label 0
Index 701: Predicted label 1 does not match actual label 0
Index 707: Predicted label 0 does not match actual label 1
Index 710: Predicted label 1 does not match actual label 2
Index 715: Predicted label 1 does not match actual label 0
Index 716: Predicted label 1 does not match actual label 0
Index 722: Predicted label 1 does not match actual label 0
Index 724: Predicted label 1 does not match actual label 0
Index 726: Predicted label 1 does not match actual label 0
Index 740: Predicted label 1 does not match actual label 0
Index 772: Predicted label 1 does not match actual label 0
Index 773: Predicted label 0 does not match actual label 1
Index 774: Predicted label 0 does not match actual label 1
Index 780: Predicted label 0 does not match actual label 1
Index 786: Predicted label 0 does not match actual label 1
Index 789: Predicted label 0 does not match actual label 1
Index 791: Predicted label 1 does not match actual label 0
Index 797: Predicted label 1 does not match actual label 0
Index 803: Predicted label 1 does not match actual label 0
Index 809: Predicted label 0 does not match actual label 1
Index 810: Predicted label 1 does not match actual label 0
Index 812: Predicted label 1 does not match actual label 0
Index 816: Predicted label 0 does not match actual label 1
Index 817: Predicted label 1 does not match actual label 0
Index 820: Predicted label 1 does not match actual label 0
Index 822: Predicted label 0 does not match actual label 1
Index 823: Predicted label 1 does not match actual label 0
Index 824: Predicted label 1 does not match actual label 0
Index 830: Predicted label 1 does not match actual label 0
Index 831: Predicted label 1 does not match actual label 0
Index 832: Predicted label 1 does not match actual label 0
Index 833: Predicted label 1 does not match actual label 0
Index 839: Predicted label 0 does not match actual label 1
Index 840: Predicted label 0 does not match actual label 1
Index 841: Predicted label 0 does not match actual label 1
Index 842: Predicted label 1 does not match actual label 0
Index 850: Predicted label 1 does not match actual label 0
Index 851: Predicted label 0 does not match actual label 1
Index 852: Predicted label 1 does not match actual label 0
Index 853: Predicted label 0 does not match actual label 1
Index 854: Predicted label 0 does not match actual label 1
Index 855: Predicted label 1 does not match actual label 3
Index 856: Predicted label 1 does not match actual label 2
Index 858: Predicted label 1 does not match actual label 0
Index 859: Predicted label 1 does not match actual label 0
Index 862: Predicted label 1 does not match actual label 0
Index 874: Predicted label 1 does not match actual label 0
Index 878: Predicted label 1 does not match actual label 0
Index 882: Predicted label 1 does not match actual label 0
Index 888: Predicted label 1 does not match actual label 0
Index 891: Predicted label 1 does not match actual label 0
Index 899: Predicted label 1 does not match actual label 0
Index 901: Predicted label 1 does not match actual label 0
Index 906: Predicted label 1 does not match actual label 0
Index 910: Predicted label 1 does not match actual label 0
Index 911: Predicted label 1 does not match actual label 0
Index 912: Predicted label 1 does not match actual label 2
Index 919: Predicted label 1 does not match actual label 0
Index 920: Predicted label 1 does not match actual label 0
Index 924: Predicted label 0 does not match actual label 2
Index 925: Predicted label 1 does not match actual label 0
Index 926: Predicted label 1 does not match actual label 0
Index 927: Predicted label 1 does not match actual label 0
Index 929: Predicted label 1 does not match actual label 0
Index 930: Predicted label 1 does not match actual label 0
Index 931: Predicted label 1 does not match actual label 0
Index 937: Predicted label 1 does not match actual label 0
Index 939: Predicted label 1 does not match actual label 0
Index 948: Predicted label 0 does not match actual label 1
Index 949: Predicted label 0 does not match actual label 1
Index 950: Predicted label 1 does not match actual label 0
Index 951: Predicted label 1 does not match actual label 0
Index 956: Predicted label 1 does not match actual label 3
Index 964: Predicted label 0 does not match actual label 1
Index 965: Predicted label 0 does not match actual label 1
Index 966: Predicted label 0 does not match actual label 1
Index 976: Predicted label 1 does not match actual label 0
Index 983: Predicted label 1 does not match actual label 0
Index 987: Predicted label 1 does not match actual label 0
Index 998: Predicted label 1 does not match actual label 0
Index 1004: Predicted label 1 does not match actual label 0
Index 1006: Predicted label 1 does not match actual label 0
Index 1016: Predicted label 1 does not match actual label 0
Index 1020: Predicted label 1 does not match actual label 0
Index 1033: Predicted label 1 does not match actual label 0
Index 1043: Predicted label 1 does not match actual label 0
Index 1052: Predicted label 1 does not match actual label 0
Index 1056: Predicted label 1 does not match actual label 0
Index 1061: Predicted label 0 does not match actual label 1
Index 1062: Predicted label 1 does not match actual label 0
Index 1063: Predicted label 0 does not match actual label 1
Index 1064: Predicted label 1 does not match actual label 2
Index 1071: Predicted label 0 does not match actual label 1
Index 1082: Predicted label 0 does not match actual label 1
Index 1089: Predicted label 1 does not match actual label 0
Index 1092: Predicted label 0 does not match actual label 3
Index 1094: Predicted label 1 does not match actual label 0
Index 1095: Predicted label 1 does not match actual label 0
Index 1097: Predicted label 1 does not match actual label 0
Index 1098: Predicted label 1 does not match actual label 3
Index 1102: Predicted label 0 does not match actual label 1
Index 1103: Predicted label 0 does not match actual label 1
Index 1104: Predicted label 1 does not match actual label 2
Index 1108: Predicted label 1 does not match actual label 0
Index 1115: Predicted label 1 does not match actual label 0
Index 1119: Predicted label 1 does not match actual label 0
Index 1121: Predicted label 1 does not match actual label 0
Index 1126: Predicted label 1 does not match actual label 0
Index 1134: Predicted label 1 does not match actual label 0
Index 1140: Predicted label 0 does not match actual label 1
Index 1142: Predicted label 1 does not match actual label 0
Index 1149: Predicted label 1 does not match actual label 0
Index 1151: Predicted label 1 does not match actual label 0
Index 1153: Predicted label 1 does not match actual label 0
Index 1155: Predicted label 1 does not match actual label 0
Index 1157: Predicted label 1 does not match actual label 0
Index 1158: Predicted label 1 does not match actual label 0
Index 1159: Predicted label 1 does not match actual label 0
Index 1163: Predicted label 1 does not match actual label 0
Index 1172: Predicted label 0 does not match actual label 2
Index 1174: Predicted label 0 does not match actual label 1
Index 1175: Predicted label 0 does not match actual label 1
Index 1176: Predicted label 0 does not match actual label 1
Index 1181: Predicted label 1 does not match actual label 0
Index 1182: Predicted label 1 does not match actual label 0
Index 1183: Predicted label 1 does not match actual label 0
Index 1185: Predicted label 1 does not match actual label 0
Index 1188: Predicted label 1 does not match actual label 2
Index 1194: Predicted label 1 does not match actual label 0
Index 1197: Predicted label 0 does not match actual label 1
Index 1198: Predicted label 0 does not match actual label 1
Index 1213: Predicted label 0 does not match actual label 1
Index 1214: Predicted label 1 does not match actual label 0
Index 1216: Predicted label 1 does not match actual label 0
Index 1219: Predicted label 1 does not match actual label 2
Index 1220: Predicted label 1 does not match actual label 0
Index 1221: Predicted label 1 does not match actual label 0
Index 1226: Predicted label 1 does not match actual label 0
Index 1234: Predicted label 1 does not match actual label 0
Index 1238: Predicted label 0 does not match actual label 3
Index 1241: Predicted label 0 does not match actual label 1
Index 1242: Predicted label 0 does not match actual label 1
Index 1243: Predicted label 0 does not match actual label 1
Index 1247: Predicted label 1 does not match actual label 0
Index 1259: Predicted label 1 does not match actual label 0
Index 1261: Predicted label 1 does not match actual label 0
Index 1264: Predicted label 1 does not match actual label 0
Index 1267: Predicted label 1 does not match actual label 0
Index 1268: Predicted label 1 does not match actual label 0
Index 1269: Predicted label 1 does not match actual label 0
Index 1270: Predicted label 1 does not match actual label 0
Index 1271: Predicted label 1 does not match actual label 0
Index 1272: Predicted label 1 does not match actual label 0
Index 1277: Predicted label 0 does not match actual label 1
Index 1278: Predicted label 1 does not match actual label 0
Index 1283: Predicted label 0 does not match actual label 3
Index 1286: Predicted label 1 does not match actual label 0
Index 1289: Predicted label 1 does not match actual label 0
Index 1290: Predicted label 1 does not match actual label 0
Index 1293: Predicted label 0 does not match actual label 1
Index 1294: Predicted label 0 does not match actual label 1
Index 1297: Predicted label 1 does not match actual label 2
Index 1300: Predicted label 0 does not match actual label 1
Index 1301: Predicted label 1 does not match actual label 2
Index 1302: Predicted label 0 does not match actual label 1
Index 1303: Predicted label 1 does not match actual label 0
Index 1306: Predicted label 1 does not match actual label 0
Index 1311: Predicted label 1 does not match actual label 0
Index 1313: Predicted label 1 does not match actual label 0
Index 1315: Predicted label 1 does not match actual label 0
Index 1318: Predicted label 1 does not match actual label 0
Index 1320: Predicted label 0 does not match actual label 1
Index 1321: Predicted label 0 does not match actual label 1
Index 1322: Predicted label 1 does not match actual label 3
Index 1329: Predicted label 0 does not match actual label 2
Index 1331: Predicted label 1 does not match actual label 0
Index 1334: Predicted label 1 does not match actual label 0
Index 1346: Predicted label 1 does not match actual label 0
Index 1347: Predicted label 1 does not match actual label 0
Index 1348: Predicted label 1 does not match actual label 0
Index 1351: Predicted label 1 does not match actual label 0
Index 1360: Predicted label 1 does not match actual label 0
Index 1361: Predicted label 0 does not match actual label 2
Index 1362: Predicted label 0 does not match actual label 1
Index 1365: Predicted label 1 does not match actual label 0
Index 1380: Predicted label 0 does not match actual label 2
Index 1385: Predicted label 1 does not match actual label 0
Index 1393: Predicted label 1 does not match actual label 0
Index 1401: Predicted label 1 does not match actual label 0
Index 1409: Predicted label 1 does not match actual label 0
Index 1419: Predicted label 0 does not match actual label 1
Index 1421: Predicted label 1 does not match actual label 0
Index 1439: Predicted label 1 does not match actual label 0
Index 1444: Predicted label 1 does not match actual label 0
Index 1449: Predicted label 1 does not match actual label 0
Index 1459: Predicted label 1 does not match actual label 0
Index 1461: Predicted label 1 does not match actual label 0
Index 1467: Predicted label 1 does not match actual label 0
Index 1483: Predicted label 1 does not match actual label 0
Index 1484: Predicted label 1 does not match actual label 0
Index 1495: Predicted label 1 does not match actual label 0
Index 1499: Predicted label 1 does not match actual label 0
Index 1508: Predicted label 1 does not match actual label 0
Index 1512: Predicted label 1 does not match actual label 0
Index 1514: Predicted label 0 does not match actual label 1
Index 1518: Predicted label 0 does not match actual label 1
Index 1519: Predicted label 1 does not match actual label 0
Index 1525: Predicted label 0 does not match actual label 1
Index 1529: Predicted label 1 does not match actual label 0
Index 1533: Predicted label 0 does not match actual label 1
Index 1534: Predicted label 0 does not match actual label 1
Index 1541: Predicted label 1 does not match actual label 0
Index 1544: Predicted label 1 does not match actual label 0
Index 1545: Predicted label 1 does not match actual label 0
Index 1552: Predicted label 1 does not match actual label 0
Index 1558: Predicted label 0 does not match actual label 1
Index 1559: Predicted label 0 does not match actual label 1
Index 1579: Predicted label 1 does not match actual label 2
Index 1587: Predicted label 0 does not match actual label 3
Index 1589: Predicted label 0 does not match actual label 1
Index 1591: Predicted label 1 does not match actual label 0
Index 1594: Predicted label 1 does not match actual label 2
Index 1596: Predicted label 1 does not match actual label 2
Index 1597: Predicted label 1 does not match actual label 0
Index 1600: Predicted label 1 does not match actual label 0
Index 1603: Predicted label 1 does not match actual label 0
Index 1604: Predicted label 1 does not match actual label 0
Index 1606: Predicted label 0 does not match actual label 2
Index 1613: Predicted label 1 does not match actual label 0
Index 1616: Predicted label 1 does not match actual label 0
Index 1619: Predicted label 0 does not match actual label 1
Index 1620: Predicted label 1 does not match actual label 0
Index 1622: Predicted label 1 does not match actual label 0
Index 1633: Predicted label 1 does not match actual label 0
Index 1634: Predicted label 1 does not match actual label 0
Index 1639: Predicted label 1 does not match actual label 0
Index 1652: Predicted label 1 does not match actual label 2
Index 1658: Predicted label 1 does not match actual label 0
Index 1659: Predicted label 1 does not match actual label 0
Index 1667: Predicted label 1 does not match actual label 0
Index 1681: Predicted label 1 does not match actual label 0
Index 1682: Predicted label 1 does not match actual label 0
Index 1683: Predicted label 1 does not match actual label 0
Index 1684: Predicted label 1 does not match actual label 0
Index 1685: Predicted label 1 does not match actual label 0
Index 1691: Predicted label 1 does not match actual label 0
Index 1694: Predicted label 1 does not match actual label 0
Index 1695: Predicted label 1 does not match actual label 0
Index 1696: Predicted label 1 does not match actual label 0
Index 1698: Predicted label 1 does not match actual label 0
Index 1707: Predicted label 1 does not match actual label 0
Index 1714: Predicted label 1 does not match actual label 0
Index 1721: Predicted label 1 does not match actual label 0
Index 1722: Predicted label 1 does not match actual label 0
Index 1725: Predicted label 1 does not match actual label 0
Index 1729: Predicted label 1 does not match actual label 2
Index 1735: Predicted label 0 does not match actual label 1
Index 1736: Predicted label 0 does not match actual label 1
Index 1737: Predicted label 0 does not match actual label 1
Index 1741: Predicted label 1 does not match actual label 0
Index 1747: Predicted label 1 does not match actual label 0
Index 1751: Predicted label 1 does not match actual label 0
Index 1752: Predicted label 0 does not match actual label 1
Index 1753: Predicted label 0 does not match actual label 1
Index 1756: Predicted label 0 does not match actual label 2
Index 1757: Predicted label 0 does not match actual label 1
Index 1758: Predicted label 0 does not match actual label 1
Index 1759: Predicted label 0 does not match actual label 2
Index 1764: Predicted label 1 does not match actual label 0
Index 1776: Predicted label 0 does not match actual label 1
Index 1777: Predicted label 0 does not match actual label 1
Index 1778: Predicted label 0 does not match actual label 1
Index 1779: Predicted label 0 does not match actual label 1
Index 1780: Predicted label 0 does not match actual label 1
Index 1781: Predicted label 0 does not match actual label 1
Index 1792: Predicted label 1 does not match actual label 2
Index 1801: Predicted label 0 does not match actual label 1
Index 1804: Predicted label 0 does not match actual label 1
Index 1805: Predicted label 1 does not match actual label 0
Index 1806: Predicted label 1 does not match actual label 0
Index 1807: Predicted label 1 does not match actual label 0
Index 1808: Predicted label 0 does not match actual label 3
Index 1809: Predicted label 1 does not match actual label 0
Index 1811: Predicted label 0 does not match actual label 1
Index 1818: Predicted label 1 does not match actual label 0
Index 1832: Predicted label 0 does not match actual label 1
Index 1833: Predicted label 0 does not match actual label 1
Index 1834: Predicted label 1 does not match actual label 0
Index 1835: Predicted label 1 does not match actual label 0
Index 1843: Predicted label 0 does not match actual label 2
Index 1844: Predicted label 1 does not match actual label 0
Index 1847: Predicted label 0 does not match actual label 1
Index 1848: Predicted label 0 does not match actual label 1
Index 1853: Predicted label 0 does not match actual label 3
Index 1854: Predicted label 1 does not match actual label 0
Index 1860: Predicted label 1 does not match actual label 0
Index 1862: Predicted label 0 does not match actual label 2
Index 1864: Predicted label 1 does not match actual label 0
Index 1868: Predicted label 1 does not match actual label 0
Index 1869: Predicted label 1 does not match actual label 0
Index 1885: Predicted label 1 does not match actual label 0
Index 1890: Predicted label 1 does not match actual label 0
Index 1905: Predicted label 1 does not match actual label 0
Index 1906: Predicted label 1 does not match actual label 0
Index 1907: Predicted label 0 does not match actual label 1
Index 1908: Predicted label 1 does not match actual label 0
Index 1915: Predicted label 0 does not match actual label 2
Index 1916: Predicted label 1 does not match actual label 0
Index 1918: Predicted label 0 does not match actual label 2
Index 1919: Predicted label 1 does not match actual label 0
Index 1934: Predicted label 1 does not match actual label 2
Index 1938: Predicted label 1 does not match actual label 0
Index 1944: Predicted label 1 does not match actual label 3
Index 1947: Predicted label 1 does not match actual label 0
Index 1950: Predicted label 1 does not match actual label 0
Index 1964: Predicted label 1 does not match actual label 0
Index 1969: Predicted label 1 does not match actual label 0
Index 1975: Predicted label 1 does not match actual label 0
Index 1976: Predicted label 1 does not match actual label 0
Index 1978: Predicted label 1 does not match actual label 0
Index 1984: Predicted label 1 does not match actual label 0
Index 1993: Predicted label 1 does not match actual label 0
Index 1996: Predicted label 1 does not match actual label 0
Index 1997: Predicted label 1 does not match actual label 0
Index 1998: Predicted label 1 does not match actual label 0
Index 2002: Predicted label 1 does not match actual label 2
Index 2016: Predicted label 1 does not match actual label 0
Index 2023: Predicted label 1 does not match actual label 0
Index 2030: Predicted label 1 does not match actual label 0
Index 2036: Predicted label 1 does not match actual label 0
Index 2042: Predicted label 1 does not match actual label 0
Index 2045: Predicted label 1 does not match actual label 0
Index 2070: Predicted label 1 does not match actual label 0
Index 2076: Predicted label 1 does not match actual label 0
Index 2079: Predicted label 1 does not match actual label 0
Index 2084: Predicted label 0 does not match actual label 1
Index 2085: Predicted label 1 does not match actual label 0
Index 2086: Predicted label 1 does not match actual label 0
Index 2091: Predicted label 1 does not match actual label 0
Index 2104: Predicted label 0 does not match actual label 1
Index 2106: Predicted label 1 does not match actual label 0
Index 2112: Predicted label 1 does not match actual label 0
Index 2117: Predicted label 1 does not match actual label 0
Index 2121: Predicted label 0 does not match actual label 1
Index 2122: Predicted label 1 does not match actual label 0
Index 2123: Predicted label 1 does not match actual label 0
Index 2127: Predicted label 1 does not match actual label 0
Index 2131: Predicted label 1 does not match actual label 0
Index 2142: Predicted label 1 does not match actual label 0
Index 2145: Predicted label 0 does not match actual label 2
Index 2146: Predicted label 0 does not match actual label 2
Index 2148: Predicted label 1 does not match actual label 0
Index 2152: Predicted label 1 does not match actual label 0
Index 2160: Predicted label 0 does not match actual label 2
Index 2162: Predicted label 0 does not match actual label 3
Index 2164: Predicted label 1 does not match actual label 0
Index 2168: Predicted label 1 does not match actual label 0
Index 2173: Predicted label 0 does not match actual label 1
Index 2174: Predicted label 1 does not match actual label 0
Index 2176: Predicted label 1 does not match actual label 0
Index 2177: Predicted label 1 does not match actual label 0
Index 2190: Predicted label 1 does not match actual label 0
Index 2192: Predicted label 0 does not match actual label 2
Index 2197: Predicted label 0 does not match actual label 2
Index 2203: Predicted label 0 does not match actual label 1
Index 2204: Predicted label 0 does not match actual label 1
Index 2205: Predicted label 0 does not match actual label 1
Index 2206: Predicted label 0 does not match actual label 1
Index 2210: Predicted label 1 does not match actual label 0
Index 2214: Predicted label 1 does not match actual label 2
Index 2218: Predicted label 1 does not match actual label 0
Index 2219: Predicted label 1 does not match actual label 0
Index 2222: Predicted label 1 does not match actual label 2
Index 2226: Predicted label 1 does not match actual label 0
Index 2227: Predicted label 1 does not match actual label 0
Index 2229: Predicted label 1 does not match actual label 2
Index 2232: Predicted label 1 does not match actual label 0
Index 2233: Predicted label 1 does not match actual label 0
Index 2235: Predicted label 1 does not match actual label 0
Index 2237: Predicted label 1 does not match actual label 0
Index 2238: Predicted label 1 does not match actual label 0
Index 2239: Predicted label 1 does not match actual label 0
Index 2240: Predicted label 1 does not match actual label 0
Index 2243: Predicted label 1 does not match actual label 0
Index 2244: Predicted label 1 does not match actual label 0
Index 2257: Predicted label 1 does not match actual label 0
Index 2259: Predicted label 1 does not match actual label 0
Index 2263: Predicted label 1 does not match actual label 0
Index 2266: Predicted label 1 does not match actual label 0
Index 2272: Predicted label 0 does not match actual label 1
Index 2275: Predicted label 0 does not match actual label 1
Index 2276: Predicted label 1 does not match actual label 0
Index 2282: Predicted label 0 does not match actual label 1
Index 2283: Predicted label 0 does not match actual label 1
Index 2284: Predicted label 1 does not match actual label 0
Index 2286: Predicted label 1 does not match actual label 0
Index 2293: Predicted label 0 does not match actual label 1
Index 2295: Predicted label 1 does not match actual label 0
Index 2299: Predicted label 1 does not match actual label 0
Index 2305: Predicted label 1 does not match actual label 0
Index 2306: Predicted label 1 does not match actual label 0
Index 2313: Predicted label 0 does not match actual label 1
Index 2314: Predicted label 0 does not match actual label 1
Index 2319: Predicted label 1 does not match actual label 0
Index 2328: Predicted label 1 does not match actual label 0
Index 2329: Predicted label 1 does not match actual label 0
Index 2339: Predicted label 0 does not match actual label 1
Index 2349: Predicted label 1 does not match actual label 0
Index 2351: Predicted label 0 does not match actual label 1
Index 2353: Predicted label 1 does not match actual label 0
Index 2367: Predicted label 0 does not match actual label 1
Index 2369: Predicted label 1 does not match actual label 2
Index 2379: Predicted label 1 does not match actual label 0
Index 2380: Predicted label 1 does not match actual label 0
Index 2382: Predicted label 0 does not match actual label 1
Index 2383: Predicted label 1 does not match actual label 0
Index 2385: Predicted label 1 does not match actual label 0
Index 2388: Predicted label 1 does not match actual label 0
Index 2389: Predicted label 1 does not match actual label 0
Index 2401: Predicted label 1 does not match actual label 0
Index 2402: Predicted label 1 does not match actual label 0
Index 2410: Predicted label 1 does not match actual label 0
Index 2416: Predicted label 0 does not match actual label 1
Index 2418: Predicted label 1 does not match actual label 0
Index 2421: Predicted label 0 does not match actual label 1
Index 2423: Predicted label 1 does not match actual label 0
Index 2428: Predicted label 1 does not match actual label 0
Index 2432: Predicted label 1 does not match actual label 0
Index 2440: Predicted label 1 does not match actual label 0
Index 2441: Predicted label 1 does not match actual label 0
Index 2442: Predicted label 1 does not match actual label 0
Index 2451: Predicted label 1 does not match actual label 0
Index 2454: Predicted label 1 does not match actual label 0
Index 2463: Predicted label 0 does not match actual label 1
Index 2464: Predicted label 1 does not match actual label 0
Index 2465: Predicted label 1 does not match actual label 0
Index 2468: Predicted label 0 does not match actual label 2
Index 2469: Predicted label 0 does not match actual label 2
Index 2474: Predicted label 1 does not match actual label 0
Index 2476: Predicted label 0 does not match actual label 2
Index 2477: Predicted label 0 does not match actual label 1
Index 2479: Predicted label 1 does not match actual label 2
Index 2481: Predicted label 1 does not match actual label 0
Index 2482: Predicted label 1 does not match actual label 0
Index 2484: Predicted label 1 does not match actual label 0
Index 2485: Predicted label 1 does not match actual label 0
Index 2490: Predicted label 1 does not match actual label 0
Index 2492: Predicted label 1 does not match actual label 0
Index 2493: Predicted label 1 does not match actual label 0
Index 2499: Predicted label 0 does not match actual label 1
Index 2508: Predicted label 1 does not match actual label 0
Index 2510: Predicted label 1 does not match actual label 0
Index 2518: Predicted label 1 does not match actual label 0
Index 2528: Predicted label 1 does not match actual label 0
Index 2529: Predicted label 1 does not match actual label 0
Index 2530: Predicted label 1 does not match actual label 0
Index 2532: Predicted label 1 does not match actual label 0
Index 2536: Predicted label 1 does not match actual label 0
Index 2541: Predicted label 0 does not match actual label 1
Index 2542: Predicted label 1 does not match actual label 0
Index 2563: Predicted label 0 does not match actual label 2
Index 2568: Predicted label 1 does not match actual label 0
Index 2572: Predicted label 1 does not match actual label 0
Index 2574: Predicted label 1 does not match actual label 0
Index 2589: Predicted label 1 does not match actual label 2
Index 2590: Predicted label 1 does not match actual label 0
Index 2600: Predicted label 1 does not match actual label 3
Index 2603: Predicted label 1 does not match actual label 0
Index 2612: Predicted label 1 does not match actual label 0
Index 2616: Predicted label 1 does not match actual label 0
Index 2620: Predicted label 1 does not match actual label 0
Index 2627: Predicted label 0 does not match actual label 2
Index 2628: Predicted label 0 does not match actual label 2
Index 2630: Predicted label 1 does not match actual label 0
Index 2631: Predicted label 1 does not match actual label 0
Index 2643: Predicted label 0 does not match actual label 1
Index 2650: Predicted label 1 does not match actual label 0
Index 2651: Predicted label 1 does not match actual label 0
Index 2657: Predicted label 0 does not match actual label 1
Index 2661: Predicted label 1 does not match actual label 0
Index 2663: Predicted label 1 does not match actual label 0
Index 2665: Predicted label 0 does not match actual label 1
Index 2666: Predicted label 0 does not match actual label 1
Index 2667: Predicted label 1 does not match actual label 0
Index 2669: Predicted label 0 does not match actual label 2
Index 2670: Predicted label 1 does not match actual label 0
Index 2673: Predicted label 1 does not match actual label 0
Index 2677: Predicted label 1 does not match actual label 0
Index 2678: Predicted label 1 does not match actual label 0
Index 2681: Predicted label 1 does not match actual label 0
Index 2685: Predicted label 1 does not match actual label 0
Index 2689: Predicted label 1 does not match actual label 0
Index 2692: Predicted label 0 does not match actual label 2
Index 2694: Predicted label 1 does not match actual label 0
Index 2701: Predicted label 0 does not match actual label 1
Index 2708: Predicted label 1 does not match actual label 0
Index 2710: Predicted label 1 does not match actual label 0
Index 2711: Predicted label 1 does not match actual label 0
Index 2729: Predicted label 0 does not match actual label 1
Index 2730: Predicted label 1 does not match actual label 0
Index 2731: Predicted label 1 does not match actual label 0
Index 2734: Predicted label 0 does not match actual label 1
Index 2735: Predicted label 0 does not match actual label 1
Index 2737: Predicted label 1 does not match actual label 0
Index 2739: Predicted label 1 does not match actual label 0
Index 2742: Predicted label 1 does not match actual label 0
Index 2746: Predicted label 1 does not match actual label 0
Index 2767: Predicted label 0 does not match actual label 1
Index 2769: Predicted label 1 does not match actual label 0
Index 2777: Predicted label 1 does not match actual label 0
Index 2784: Predicted label 1 does not match actual label 0
Index 2786: Predicted label 1 does not match actual label 0
Index 2789: Predicted label 1 does not match actual label 0
Index 2799: Predicted label 1 does not match actual label 0
Index 2804: Predicted label 1 does not match actual label 0
Index 2810: Predicted label 1 does not match actual label 0
Index 2812: Predicted label 1 does not match actual label 0
Index 2817: Predicted label 1 does not match actual label 0
Index 2826: Predicted label 0 does not match actual label 1
Index 2836: Predicted label 1 does not match actual label 0
Index 2837: Predicted label 1 does not match actual label 0
Index 2845: Predicted label 1 does not match actual label 0
Index 2847: Predicted label 1 does not match actual label 0
Index 2849: Predicted label 1 does not match actual label 0
Index 2850: Predicted label 1 does not match actual label 0
Index 2853: Predicted label 1 does not match actual label 0
Index 2855: Predicted label 0 does not match actual label 1
Index 2861: Predicted label 1 does not match actual label 0
Index 2864: Predicted label 1 does not match actual label 0
Index 2876: Predicted label 1 does not match actual label 0
Index 2881: Predicted label 1 does not match actual label 0
Index 2882: Predicted label 1 does not match actual label 0
Index 2892: Predicted label 1 does not match actual label 0
Index 2893: Predicted label 1 does not match actual label 0
Index 2895: Predicted label 1 does not match actual label 0
Index 2896: Predicted label 1 does not match actual label 0
Index 2902: Predicted label 1 does not match actual label 0
Index 2918: Predicted label 0 does not match actual label 1
Index 2920: Predicted label 1 does not match actual label 0
Index 2923: Predicted label 0 does not match actual label 2
Index 2925: Predicted label 1 does not match actual label 0
Index 2926: Predicted label 1 does not match actual label 0
Index 2931: Predicted label 1 does not match actual label 0
Index 2933: Predicted label 1 does not match actual label 0
Index 2934: Predicted label 0 does not match actual label 1
Index 2935: Predicted label 1 does not match actual label 0
Index 2946: Predicted label 1 does not match actual label 0
Index 2950: Predicted label 1 does not match actual label 0
Index 2961: Predicted label 1 does not match actual label 0
Index 2968: Predicted label 1 does not match actual label 0
Index 2970: Predicted label 0 does not match actual label 1
Index 2972: Predicted label 1 does not match actual label 0
Index 2978: Predicted label 1 does not match actual label 0
Index 2986: Predicted label 1 does not match actual label 0
Index 2992: Predicted label 1 does not match actual label 0
Index 2995: Predicted label 0 does not match actual label 2
Index 2996: Predicted label 0 does not match actual label 1
Index 2997: Predicted label 0 does not match actual label 1
Index 2998: Predicted label 1 does not match actual label 0
Index 2999: Predicted label 1 does not match actual label 0
Index 3001: Predicted label 1 does not match actual label 0
Index 3008: Predicted label 1 does not match actual label 0
Index 3014: Predicted label 1 does not match actual label 0
Index 3015: Predicted label 1 does not match actual label 0
Index 3016: Predicted label 1 does not match actual label 0
Index 3024: Predicted label 0 does not match actual label 1
Index 3030: Predicted label 1 does not match actual label 0
Index 3034: Predicted label 1 does not match actual label 3
Index 3035: Predicted label 1 does not match actual label 0
Index 3046: Predicted label 0 does not match actual label 1
Index 3047: Predicted label 1 does not match actual label 0
Index 3048: Predicted label 1 does not match actual label 0
Index 3054: Predicted label 0 does not match actual label 1
Index 3056: Predicted label 0 does not match actual label 1
Index 3066: Predicted label 1 does not match actual label 0
Index 3068: Predicted label 1 does not match actual label 0
Index 3069: Predicted label 1 does not match actual label 0
Index 3070: Predicted label 1 does not match actual label 2
Index 3071: Predicted label 1 does not match actual label 0
Index 3074: Predicted label 1 does not match actual label 0
Index 3075: Predicted label 1 does not match actual label 0
Index 3076: Predicted label 1 does not match actual label 0
Index 3084: Predicted label 1 does not match actual label 0
Index 3085: Predicted label 1 does not match actual label 0
Index 3091: Predicted label 1 does not match actual label 0
Index 3092: Predicted label 1 does not match actual label 0
Index 3095: Predicted label 1 does not match actual label 0
Index 3098: Predicted label 0 does not match actual label 2
Index 3099: Predicted label 1 does not match actual label 0
Index 3104: Predicted label 1 does not match actual label 0
Index 3110: Predicted label 0 does not match actual label 2
Index 3113: Predicted label 0 does not match actual label 2
Index 3115: Predicted label 1 does not match actual label 0
Index 3117: Predicted label 1 does not match actual label 0
Index 3121: Predicted label 1 does not match actual label 0
Index 3126: Predicted label 1 does not match actual label 0
Index 3127: Predicted label 1 does not match actual label 0
Index 3129: Predicted label 0 does not match actual label 1
Index 3130: Predicted label 0 does not match actual label 2
Index 3131: Predicted label 1 does not match actual label 0
Index 3132: Predicted label 1 does not match actual label 0
Index 3134: Predicted label 0 does not match actual label 1
Index 3137: Predicted label 1 does not match actual label 0
Index 3146: Predicted label 1 does not match actual label 0
Index 3149: Predicted label 1 does not match actual label 0
Index 3152: Predicted label 0 does not match actual label 1
Index 3154: Predicted label 1 does not match actual label 0
Index 3156: Predicted label 0 does not match actual label 1
Index 3162: Predicted label 0 does not match actual label 1
Index 3164: Predicted label 1 does not match actual label 0
Index 3165: Predicted label 1 does not match actual label 0
Index 3166: Predicted label 1 does not match actual label 0
Index 3174: Predicted label 1 does not match actual label 0
Index 3176: Predicted label 0 does not match actual label 1
Index 3177: Predicted label 0 does not match actual label 1
Index 3178: Predicted label 0 does not match actual label 1
Index 3179: Predicted label 0 does not match actual label 1
Index 3180: Predicted label 0 does not match actual label 1
Index 3201: Predicted label 1 does not match actual label 2
Index 3210: Predicted label 1 does not match actual label 0
Index 3211: Predicted label 1 does not match actual label 0
Index 3215: Predicted label 0 does not match actual label 1
Index 3217: Predicted label 1 does not match actual label 0
Index 3220: Predicted label 0 does not match actual label 1
Index 3221: Predicted label 1 does not match actual label 0
Index 3225: Predicted label 0 does not match actual label 3
Index 3239: Predicted label 1 does not match actual label 0
Index 3250: Predicted label 1 does not match actual label 0
Index 3256: Predicted label 1 does not match actual label 0
Index 3263: Predicted label 1 does not match actual label 0
Index 3277: Predicted label 0 does not match actual label 1
Index 3278: Predicted label 0 does not match actual label 1
Index 3279: Predicted label 1 does not match actual label 0
Index 3282: Predicted label 0 does not match actual label 1
Index 3284: Predicted label 1 does not match actual label 0
Index 3299: Predicted label 0 does not match actual label 1
Index 3301: Predicted label 1 does not match actual label 0
Index 3306: Predicted label 1 does not match actual label 0
Index 3307: Predicted label 1 does not match actual label 0
Index 3319: Predicted label 1 does not match actual label 0
Index 3322: Predicted label 1 does not match actual label 0
Index 3325: Predicted label 1 does not match actual label 0
Index 3327: Predicted label 1 does not match actual label 0
Index 3329: Predicted label 0 does not match actual label 1
Index 3330: Predicted label 0 does not match actual label 1
Index 3331: Predicted label 0 does not match actual label 1
Index 3334: Predicted label 1 does not match actual label 0
Index 3335: Predicted label 1 does not match actual label 0
Index 3342: Predicted label 1 does not match actual label 0
Index 3343: Predicted label 1 does not match actual label 0
Index 3353: Predicted label 1 does not match actual label 0
Index 3355: Predicted label 0 does not match actual label 1
Index 3365: Predicted label 1 does not match actual label 0
Index 3374: Predicted label 0 does not match actual label 1
Index 3377: Predicted label 1 does not match actual label 0
Index 3379: Predicted label 0 does not match actual label 1
Index 3380: Predicted label 0 does not match actual label 2
Index 3381: Predicted label 1 does not match actual label 0
Index 3382: Predicted label 1 does not match actual label 0
Index 3384: Predicted label 0 does not match actual label 2
Index 3386: Predicted label 0 does not match actual label 1
Index 3387: Predicted label 0 does not match actual label 1
Index 3397: Predicted label 1 does not match actual label 0
Index 3398: Predicted label 1 does not match actual label 0
Index 3401: Predicted label 1 does not match actual label 0
Index 3425: Predicted label 0 does not match actual label 3
Index 3427: Predicted label 1 does not match actual label 0
Index 3432: Predicted label 1 does not match actual label 0
Index 3437: Predicted label 1 does not match actual label 2
Index 3439: Predicted label 0 does not match actual label 1
Index 3440: Predicted label 0 does not match actual label 1
Index 3442: Predicted label 1 does not match actual label 0
Index 3447: Predicted label 0 does not match actual label 1
Index 3448: Predicted label 1 does not match actual label 0
Index 3455: Predicted label 1 does not match actual label 0
Index 3472: Predicted label 1 does not match actual label 0
Index 3473: Predicted label 1 does not match actual label 0
Index 3474: Predicted label 1 does not match actual label 0
Index 3475: Predicted label 1 does not match actual label 0
Index 3482: Predicted label 1 does not match actual label 0
Index 3484: Predicted label 1 does not match actual label 0
Index 3493: Predicted label 0 does not match actual label 1
Index 3506: Predicted label 1 does not match actual label 0
Index 3517: Predicted label 1 does not match actual label 0
Index 3524: Predicted label 1 does not match actual label 0
Index 3525: Predicted label 1 does not match actual label 0
Index 3526: Predicted label 1 does not match actual label 0
Index 3539: Predicted label 1 does not match actual label 0
Index 3547: Predicted label 0 does not match actual label 1
Index 3548: Predicted label 1 does not match actual label 0
Index 3550: Predicted label 1 does not match actual label 0
Index 3553: Predicted label 1 does not match actual label 0
Index 3555: Predicted label 1 does not match actual label 0
Index 3557: Predicted label 1 does not match actual label 0
Index 3559: Predicted label 1 does not match actual label 0
Index 3564: Predicted label 0 does not match actual label 1
Index 3566: Predicted label 1 does not match actual label 0
Index 3567: Predicted label 0 does not match actual label 2
Index 3573: Predicted label 1 does not match actual label 0
Index 3579: Predicted label 1 does not match actual label 0
Index 3580: Predicted label 1 does not match actual label 0
Index 3582: Predicted label 1 does not match actual label 0
Index 3583: Predicted label 1 does not match actual label 0
Index 3591: Predicted label 1 does not match actual label 0
Index 3597: Predicted label 1 does not match actual label 0
Index 3605: Predicted label 1 does not match actual label 0
Index 3608: Predicted label 0 does not match actual label 1
Index 3609: Predicted label 1 does not match actual label 0
Index 3612: Predicted label 1 does not match actual label 0
Index 3613: Predicted label 1 does not match actual label 0
Index 3614: Predicted label 1 does not match actual label 0
Index 3615: Predicted label 1 does not match actual label 0
Index 3618: Predicted label 1 does not match actual label 0
Index 3621: Predicted label 1 does not match actual label 0
Index 3626: Predicted label 1 does not match actual label 0
Index 3628: Predicted label 0 does not match actual label 1
Index 3629: Predicted label 1 does not match actual label 0
Index 3634: Predicted label 0 does not match actual label 1
Index 3636: Predicted label 1 does not match actual label 0
Index 3641: Predicted label 1 does not match actual label 3
Index 3642: Predicted label 1 does not match actual label 0
Index 3649: Predicted label 0 does not match actual label 1
Index 3653: Predicted label 1 does not match actual label 0
Index 3655: Predicted label 1 does not match actual label 0
Index 3659: Predicted label 0 does not match actual label 1
Index 3663: Predicted label 0 does not match actual label 1
Index 3664: Predicted label 0 does not match actual label 1
Index 3665: Predicted label 0 does not match actual label 1
Index 3668: Predicted label 1 does not match actual label 0
Index 3679: Predicted label 0 does not match actual label 1
Index 3680: Predicted label 0 does not match actual label 1
Index 3681: Predicted label 0 does not match actual label 2
Index 3682: Predicted label 0 does not match actual label 3
Index 3683: Predicted label 0 does not match actual label 1
Index 3684: Predicted label 0 does not match actual label 1
Index 3685: Predicted label 0 does not match actual label 2
Index 3686: Predicted label 0 does not match actual label 1
Index 3687: Predicted label 0 does not match actual label 1
Index 3688: Predicted label 1 does not match actual label 2
Index 3692: Predicted label 1 does not match actual label 0
Index 3696: Predicted label 1 does not match actual label 0
Index 3705: Predicted label 1 does not match actual label 0
Index 3711: Predicted label 1 does not match actual label 0
Index 3725: Predicted label 1 does not match actual label 0
Index 3730: Predicted label 0 does not match actual label 1
Index 3734: Predicted label 0 does not match actual label 1
Index 3735: Predicted label 1 does not match actual label 0
Index 3737: Predicted label 0 does not match actual label 1
Index 3738: Predicted label 1 does not match actual label 0
Index 3739: Predicted label 1 does not match actual label 0
Index 3740: Predicted label 1 does not match actual label 0
Index 3748: Predicted label 1 does not match actual label 0
Index 3752: Predicted label 1 does not match actual label 0
Index 3759: Predicted label 1 does not match actual label 0
Index 3762: Predicted label 1 does not match actual label 0
Index 3783: Predicted label 1 does not match actual label 0
Index 3786: Predicted label 1 does not match actual label 0
Index 3788: Predicted label 1 does not match actual label 0
Index 3795: Predicted label 0 does not match actual label 2
Index 3798: Predicted label 0 does not match actual label 1
Index 3802: Predicted label 1 does not match actual label 0
Index 3805: Predicted label 0 does not match actual label 1
Index 3809: Predicted label 1 does not match actual label 0
Index 3814: Predicted label 0 does not match actual label 1
Index 3816: Predicted label 1 does not match actual label 0
Index 3819: Predicted label 0 does not match actual label 1
Index 3823: Predicted label 1 does not match actual label 0
Index 3830: Predicted label 1 does not match actual label 0
Index 3837: Predicted label 0 does not match actual label 2
Index 3841: Predicted label 1 does not match actual label 0
Index 3845: Predicted label 1 does not match actual label 0
Index 3855: Predicted label 1 does not match actual label 0
Index 3856: Predicted label 1 does not match actual label 0
Index 3860: Predicted label 1 does not match actual label 0
Index 3861: Predicted label 0 does not match actual label 1
Index 3862: Predicted label 1 does not match actual label 0
Index 3863: Predicted label 0 does not match actual label 2
Index 3864: Predicted label 0 does not match actual label 1
Index 3869: Predicted label 1 does not match actual label 0
Index 3877: Predicted label 1 does not match actual label 0
Index 3878: Predicted label 1 does not match actual label 0
Index 3879: Predicted label 1 does not match actual label 0
Index 3886: Predicted label 0 does not match actual label 1
Index 3887: Predicted label 0 does not match actual label 1
Index 3889: Predicted label 1 does not match actual label 0
Index 3894: Predicted label 1 does not match actual label 0
Index 3903: Predicted label 0 does not match actual label 2
Index 3906: Predicted label 1 does not match actual label 0
Index 3907: Predicted label 1 does not match actual label 0
Index 3909: Predicted label 1 does not match actual label 0
Index 3912: Predicted label 1 does not match actual label 0
Index 3913: Predicted label 1 does not match actual label 0
Index 3915: Predicted label 1 does not match actual label 2
Index 3928: Predicted label 1 does not match actual label 0
Index 3930: Predicted label 0 does not match actual label 3
Index 3936: Predicted label 1 does not match actual label 0
Index 3940: Predicted label 1 does not match actual label 0
Index 3941: Predicted label 1 does not match actual label 0
Index 3942: Predicted label 1 does not match actual label 0
Index 3947: Predicted label 1 does not match actual label 0
Index 3949: Predicted label 1 does not match actual label 0
Index 3953: Predicted label 1 does not match actual label 2
Index 3957: Predicted label 1 does not match actual label 0
Index 3963: Predicted label 1 does not match actual label 0
Index 3966: Predicted label 1 does not match actual label 0
Index 3968: Predicted label 1 does not match actual label 0
Index 3971: Predicted label 0 does not match actual label 2
Index 3972: Predicted label 1 does not match actual label 3
Index 3973: Predicted label 1 does not match actual label 0
Index 3977: Predicted label 1 does not match actual label 0
Index 3997: Predicted label 0 does not match actual label 1
Index 4001: Predicted label 1 does not match actual label 2
Index 4002: Predicted label 1 does not match actual label 0
Index 4013: Predicted label 1 does not match actual label 3
Index 4014: Predicted label 0 does not match actual label 1
Index 4016: Predicted label 1 does not match actual label 0
Index 4017: Predicted label 1 does not match actual label 0
Index 4019: Predicted label 1 does not match actual label 0
Index 4023: Predicted label 1 does not match actual label 0
Index 4028: Predicted label 0 does not match actual label 1
Index 4029: Predicted label 1 does not match actual label 0
Index 4034: Predicted label 1 does not match actual label 0
Index 4035: Predicted label 1 does not match actual label 0
Index 4036: Predicted label 1 does not match actual label 2
Index 4042: Predicted label 1 does not match actual label 0
Index 4046: Predicted label 1 does not match actual label 0
Index 4052: Predicted label 0 does not match actual label 1
Index 4054: Predicted label 1 does not match actual label 0
Index 4057: Predicted label 1 does not match actual label 0
Index 4059: Predicted label 1 does not match actual label 0
Index 4066: Predicted label 0 does not match actual label 1
Index 4067: Predicted label 1 does not match actual label 0
Index 4073: Predicted label 0 does not match actual label 1
Index 4074: Predicted label 1 does not match actual label 0
Index 4076: Predicted label 1 does not match actual label 0
Index 4079: Predicted label 1 does not match actual label 0
Index 4084: Predicted label 1 does not match actual label 0
Index 4085: Predicted label 1 does not match actual label 0
Index 4091: Predicted label 1 does not match actual label 0
Index 4093: Predicted label 1 does not match actual label 0
Index 4104: Predicted label 0 does not match actual label 1
Index 4107: Predicted label 1 does not match actual label 0
Index 4108: Predicted label 1 does not match actual label 0
Index 4109: Predicted label 1 does not match actual label 0
Index 4115: Predicted label 0 does not match actual label 1
Index 4116: Predicted label 1 does not match actual label 0
Index 4128: Predicted label 1 does not match actual label 0
Index 4129: Predicted label 0 does not match actual label 1
Index 4135: Predicted label 1 does not match actual label 0
Index 4137: Predicted label 1 does not match actual label 0
Index 4144: Predicted label 1 does not match actual label 0
Index 4159: Predicted label 1 does not match actual label 0
Index 4163: Predicted label 1 does not match actual label 0
Index 4168: Predicted label 1 does not match actual label 0
Index 4175: Predicted label 1 does not match actual label 0
Index 4186: Predicted label 0 does not match actual label 1
Index 4196: Predicted label 1 does not match actual label 0
Index 4199: Predicted label 1 does not match actual label 0
Index 4203: Predicted label 1 does not match actual label 0
Index 4206: Predicted label 1 does not match actual label 0
Index 4208: Predicted label 1 does not match actual label 0
Index 4231: Predicted label 1 does not match actual label 0
Index 4237: Predicted label 0 does not match actual label 1
Index 4238: Predicted label 1 does not match actual label 0
Index 4249: Predicted label 1 does not match actual label 0
Index 4251: Predicted label 1 does not match actual label 0
Index 4252: Predicted label 1 does not match actual label 0
Index 4254: Predicted label 1 does not match actual label 0
Index 4255: Predicted label 1 does not match actual label 0
Index 4256: Predicted label 1 does not match actual label 0
Index 4259: Predicted label 1 does not match actual label 0
Index 4264: Predicted label 1 does not match actual label 0
Index 4266: Predicted label 1 does not match actual label 0
Index 4269: Predicted label 1 does not match actual label 0
Index 4270: Predicted label 1 does not match actual label 0
Index 4272: Predicted label 1 does not match actual label 0
Index 4277: Predicted label 1 does not match actual label 0
Index 4282: Predicted label 1 does not match actual label 0
Index 4289: Predicted label 1 does not match actual label 0
Index 4296: Predicted label 1 does not match actual label 0
Index 4298: Predicted label 1 does not match actual label 0
Index 4301: Predicted label 1 does not match actual label 0
Index 4307: Predicted label 0 does not match actual label 1
Index 4318: Predicted label 1 does not match actual label 0
Index 4329: Predicted label 1 does not match actual label 2
Index 4331: Predicted label 0 does not match actual label 1
Index 4341: Predicted label 1 does not match actual label 0
Index 4342: Predicted label 1 does not match actual label 0
Index 4344: Predicted label 1 does not match actual label 0
Index 4345: Predicted label 1 does not match actual label 0
Index 4347: Predicted label 1 does not match actual label 0
Index 4350: Predicted label 1 does not match actual label 0
Index 4354: Predicted label 0 does not match actual label 1
Index 4363: Predicted label 0 does not match actual label 1
Index 4364: Predicted label 0 does not match actual label 1
Index 4366: Predicted label 1 does not match actual label 0
Index 4367: Predicted label 1 does not match actual label 0
Index 4369: Predicted label 0 does not match actual label 1
Index 4370: Predicted label 0 does not match actual label 1
Index 4372: Predicted label 1 does not match actual label 0
Index 4377: Predicted label 1 does not match actual label 0
Index 4378: Predicted label 1 does not match actual label 0
Index 4381: Predicted label 1 does not match actual label 0
Index 4394: Predicted label 1 does not match actual label 0
Index 4400: Predicted label 1 does not match actual label 0
Index 4416: Predicted label 1 does not match actual label 0
Index 4417: Predicted label 1 does not match actual label 0
Index 4424: Predicted label 1 does not match actual label 0
Index 4426: Predicted label 1 does not match actual label 0
Index 4427: Predicted label 1 does not match actual label 0
Index 4428: Predicted label 1 does not match actual label 0
Index 4431: Predicted label 0 does not match actual label 1
Index 4432: Predicted label 0 does not match actual label 1
Index 4433: Predicted label 1 does not match actual label 0
Index 4439: Predicted label 1 does not match actual label 0
Index 4441: Predicted label 1 does not match actual label 0
Index 4444: Predicted label 1 does not match actual label 0
Index 4448: Predicted label 1 does not match actual label 0
Index 4456: Predicted label 1 does not match actual label 0
Index 4473: Predicted label 0 does not match actual label 3
Index 4474: Predicted label 0 does not match actual label 1
Index 4475: Predicted label 0 does not match actual label 1
Index 4478: Predicted label 0 does not match actual label 1
Index 4479: Predicted label 0 does not match actual label 1
Index 4480: Predicted label 0 does not match actual label 1
Index 4481: Predicted label 0 does not match actual label 1
Index 4482: Predicted label 0 does not match actual label 1
Index 4484: Predicted label 0 does not match actual label 1
Index 4485: Predicted label 0 does not match actual label 1
Index 4486: Predicted label 0 does not match actual label 1
Index 4491: Predicted label 1 does not match actual label 0
Index 4496: Predicted label 1 does not match actual label 0
Index 4497: Predicted label 1 does not match actual label 0
Index 4501: Predicted label 0 does not match actual label 1
Index 4510: Predicted label 1 does not match actual label 0
Index 4511: Predicted label 1 does not match actual label 2
Index 4514: Predicted label 1 does not match actual label 0
Index 4517: Predicted label 0 does not match actual label 3
Index 4518: Predicted label 0 does not match actual label 1
Index 4519: Predicted label 1 does not match actual label 2
Index 4520: Predicted label 1 does not match actual label 3
Index 4522: Predicted label 1 does not match actual label 0
Index 4525: Predicted label 1 does not match actual label 0
Index 4529: Predicted label 1 does not match actual label 0
Index 4535: Predicted label 1 does not match actual label 0
Index 4540: Predicted label 0 does not match actual label 1
Index 4541: Predicted label 1 does not match actual label 0
Index 4542: Predicted label 1 does not match actual label 0
Index 4546: Predicted label 1 does not match actual label 0
Index 4551: Predicted label 1 does not match actual label 0
Index 4552: Predicted label 1 does not match actual label 0
Index 4557: Predicted label 0 does not match actual label 1
Index 4559: Predicted label 1 does not match actual label 0
Index 4562: Predicted label 1 does not match actual label 0
Index 4564: Predicted label 0 does not match actual label 1
Index 4572: Predicted label 1 does not match actual label 0
Index 4573: Predicted label 1 does not match actual label 0
Index 4578: Predicted label 1 does not match actual label 0
Index 4588: Predicted label 0 does not match actual label 1
Index 4589: Predicted label 1 does not match actual label 0
Index 4595: Predicted label 1 does not match actual label 0
Index 4597: Predicted label 0 does not match actual label 1
Index 4600: Predicted label 1 does not match actual label 0
Index 4607: Predicted label 1 does not match actual label 0
Index 4611: Predicted label 1 does not match actual label 0
Index 4613: Predicted label 1 does not match actual label 0
Index 4621: Predicted label 1 does not match actual label 0
Index 4626: Predicted label 0 does not match actual label 1
Index 4639: Predicted label 1 does not match actual label 0
Index 4642: Predicted label 1 does not match actual label 0
Index 4643: Predicted label 0 does not match actual label 1
Index 4646: Predicted label 1 does not match actual label 0
Index 4651: Predicted label 1 does not match actual label 0
Index 4660: Predicted label 1 does not match actual label 2
Index 4663: Predicted label 1 does not match actual label 0
Index 4665: Predicted label 1 does not match actual label 0
Index 4672: Predicted label 1 does not match actual label 0
Index 4683: Predicted label 1 does not match actual label 0
Index 4685: Predicted label 1 does not match actual label 0
Index 4695: Predicted label 1 does not match actual label 0
Index 4696: Predicted label 0 does not match actual label 1
Index 4700: Predicted label 0 does not match actual label 1
Index 4723: Predicted label 1 does not match actual label 0
Index 4734: Predicted label 0 does not match actual label 1
Index 4735: Predicted label 0 does not match actual label 1
Index 4736: Predicted label 0 does not match actual label 1
Index 4737: Predicted label 1 does not match actual label 0
Index 4738: Predicted label 1 does not match actual label 0
Index 4739: Predicted label 1 does not match actual label 0
Index 4747: Predicted label 1 does not match actual label 0
Index 4748: Predicted label 1 does not match actual label 0
Index 4749: Predicted label 1 does not match actual label 0
Index 4750: Predicted label 1 does not match actual label 0
Index 4754: Predicted label 1 does not match actual label 0
Index 4756: Predicted label 1 does not match actual label 0
Index 4759: Predicted label 1 does not match actual label 0
Index 4762: Predicted label 1 does not match actual label 0
Index 4763: Predicted label 1 does not match actual label 0
Index 4766: Predicted label 1 does not match actual label 0
Index 4769: Predicted label 1 does not match actual label 0
Index 4772: Predicted label 1 does not match actual label 0
Index 4775: Predicted label 1 does not match actual label 3
Index 4778: Predicted label 0 does not match actual label 1
Index 4781: Predicted label 1 does not match actual label 0
Index 4784: Predicted label 1 does not match actual label 0
Index 4786: Predicted label 1 does not match actual label 0
Index 4794: Predicted label 1 does not match actual label 0
Index 4801: Predicted label 1 does not match actual label 0
Index 4803: Predicted label 0 does not match actual label 1
Index 4818: Predicted label 1 does not match actual label 0
Index 4822: Predicted label 1 does not match actual label 0
Index 4828: Predicted label 0 does not match actual label 1
Index 4831: Predicted label 1 does not match actual label 0
Index 4839: Predicted label 1 does not match actual label 0
Index 4864: Predicted label 1 does not match actual label 0
Index 4869: Predicted label 1 does not match actual label 0
Index 4876: Predicted label 1 does not match actual label 0
Index 4880: Predicted label 1 does not match actual label 0
Index 4881: Predicted label 1 does not match actual label 0
Index 4883: Predicted label 0 does not match actual label 1
Index 4884: Predicted label 1 does not match actual label 0
Index 4885: Predicted label 1 does not match actual label 0
Index 4891: Predicted label 0 does not match actual label 1
Index 4892: Predicted label 1 does not match actual label 0
Index 4893: Predicted label 1 does not match actual label 0
Index 4905: Predicted label 1 does not match actual label 0
Index 4909: Predicted label 1 does not match actual label 0
Index 4927: Predicted label 0 does not match actual label 1
Index 4929: Predicted label 1 does not match actual label 0
Index 4930: Predicted label 0 does not match actual label 1
Index 4949: Predicted label 0 does not match actual label 1
Index 4961: Predicted label 1 does not match actual label 0
Index 4962: Predicted label 1 does not match actual label 0
Index 4964: Predicted label 1 does not match actual label 0
Index 4967: Predicted label 1 does not match actual label 0
Index 4970: Predicted label 1 does not match actual label 0
Index 4976: Predicted label 1 does not match actual label 0
Index 4981: Predicted label 1 does not match actual label 0
Index 5003: Predicted label 1 does not match actual label 0
Index 5015: Predicted label 1 does not match actual label 0
Index 5016: Predicted label 0 does not match actual label 1
Index 5019: Predicted label 1 does not match actual label 0
Index 5026: Predicted label 1 does not match actual label 0
Index 5027: Predicted label 1 does not match actual label 0
Index 5028: Predicted label 1 does not match actual label 0
Index 5033: Predicted label 1 does not match actual label 0
Index 5034: Predicted label 1 does not match actual label 0
Index 5044: Predicted label 0 does not match actual label 1
Index 5045: Predicted label 0 does not match actual label 1
Index 5047: Predicted label 1 does not match actual label 0
Index 5050: Predicted label 0 does not match actual label 1
Index 5053: Predicted label 1 does not match actual label 0
Index 5054: Predicted label 0 does not match actual label 2
Index 5055: Predicted label 1 does not match actual label 0
Index 5062: Predicted label 1 does not match actual label 0
Index 5066: Predicted label 1 does not match actual label 0
Index 5077: Predicted label 1 does not match actual label 0
Index 5079: Predicted label 1 does not match actual label 0
Index 5085: Predicted label 0 does not match actual label 1
Index 5086: Predicted label 0 does not match actual label 1
Index 5093: Predicted label 1 does not match actual label 0
Index 5094: Predicted label 1 does not match actual label 0
Index 5097: Predicted label 1 does not match actual label 0
Index 5112: Predicted label 0 does not match actual label 1
Index 5117: Predicted label 1 does not match actual label 0
Index 5123: Predicted label 1 does not match actual label 0
Index 5133: Predicted label 1 does not match actual label 0
Index 5135: Predicted label 1 does not match actual label 0
Index 5136: Predicted label 1 does not match actual label 0
Index 5137: Predicted label 1 does not match actual label 0
Index 5138: Predicted label 1 does not match actual label 0
Index 5147: Predicted label 1 does not match actual label 0
Index 5149: Predicted label 1 does not match actual label 0
Index 5150: Predicted label 0 does not match actual label 1
Index 5151: Predicted label 0 does not match actual label 1
Index 5160: Predicted label 1 does not match actual label 0
Index 5163: Predicted label 1 does not match actual label 0
Index 5164: Predicted label 1 does not match actual label 0
Index 5172: Predicted label 1 does not match actual label 0
Index 5174: Predicted label 0 does not match actual label 1
Index 5175: Predicted label 0 does not match actual label 1
Index 5179: Predicted label 1 does not match actual label 0
Index 5184: Predicted label 0 does not match actual label 1
Index 5185: Predicted label 0 does not match actual label 1
Index 5186: Predicted label 1 does not match actual label 0
Index 5193: Predicted label 1 does not match actual label 0
Index 5199: Predicted label 0 does not match actual label 1
Index 5200: Predicted label 0 does not match actual label 1
Index 5203: Predicted label 0 does not match actual label 3
Index 5209: Predicted label 0 does not match actual label 1
Index 5212: Predicted label 1 does not match actual label 0
Index 5215: Predicted label 0 does not match actual label 1
Index 5216: Predicted label 0 does not match actual label 1
Index 5217: Predicted label 0 does not match actual label 1
Index 5218: Predicted label 0 does not match actual label 1
Index 5219: Predicted label 0 does not match actual label 1
Index 5220: Predicted label 0 does not match actual label 1
Index 5221: Predicted label 0 does not match actual label 1
Index 5230: Predicted label 1 does not match actual label 0
Index 5232: Predicted label 0 does not match actual label 3
Index 5236: Predicted label 1 does not match actual label 0
Index 5237: Predicted label 1 does not match actual label 0
Index 5247: Predicted label 0 does not match actual label 2
Index 5248: Predicted label 0 does not match actual label 2
Index 5251: Predicted label 1 does not match actual label 0
Index 5257: Predicted label 1 does not match actual label 0
Index 5260: Predicted label 1 does not match actual label 0
Index 5265: Predicted label 1 does not match actual label 2
Index 5271: Predicted label 1 does not match actual label 0
Index 5273: Predicted label 0 does not match actual label 2
Index 5276: Predicted label 1 does not match actual label 2
Index 5284: Predicted label 0 does not match actual label 1
Index 5287: Predicted label 1 does not match actual label 0
Index 5290: Predicted label 1 does not match actual label 0
Index 5292: Predicted label 0 does not match actual label 1
Index 5299: Predicted label 1 does not match actual label 0
Index 5301: Predicted label 1 does not match actual label 0
Index 5303: Predicted label 1 does not match actual label 0
Index 5304: Predicted label 0 does not match actual label 1
Index 5305: Predicted label 0 does not match actual label 1
Index 5314: Predicted label 1 does not match actual label 0
Index 5318: Predicted label 1 does not match actual label 0
Index 5321: Predicted label 1 does not match actual label 0
Index 5325: Predicted label 1 does not match actual label 0
Index 5329: Predicted label 1 does not match actual label 0
Index 5339: Predicted label 0 does not match actual label 2
Index 5340: Predicted label 1 does not match actual label 0
Index 5341: Predicted label 1 does not match actual label 0
Index 5351: Predicted label 1 does not match actual label 0
Index 5357: Predicted label 1 does not match actual label 0
Index 5360: Predicted label 1 does not match actual label 0
Index 5362: Predicted label 1 does not match actual label 0
Index 5368: Predicted label 0 does not match actual label 1
Index 5372: Predicted label 1 does not match actual label 0
Index 5373: Predicted label 0 does not match actual label 1
Index 5377: Predicted label 1 does not match actual label 0
Index 5381: Predicted label 1 does not match actual label 0
Index 5382: Predicted label 1 does not match actual label 0
Index 5387: Predicted label 1 does not match actual label 0
Index 5390: Predicted label 0 does not match actual label 1
Index 5392: Predicted label 1 does not match actual label 0
Index 5396: Predicted label 0 does not match actual label 1
Index 5403: Predicted label 0 does not match actual label 1
Index 5404: Predicted label 0 does not match actual label 1
Index 5405: Predicted label 0 does not match actual label 1
Index 5406: Predicted label 0 does not match actual label 1
Index 5407: Predicted label 0 does not match actual label 1
Index 5408: Predicted label 1 does not match actual label 0
Index 5409: Predicted label 1 does not match actual label 0
Index 5413: Predicted label 1 does not match actual label 0
Index 5418: Predicted label 1 does not match actual label 0
Index 5425: Predicted label 1 does not match actual label 0
Index 5426: Predicted label 1 does not match actual label 0
Index 5438: Predicted label 0 does not match actual label 1
Index 5439: Predicted label 0 does not match actual label 1
Index 5441: Predicted label 1 does not match actual label 0
Index 5443: Predicted label 1 does not match actual label 0
Index 5445: Predicted label 1 does not match actual label 0
Index 5446: Predicted label 1 does not match actual label 0
Index 5451: Predicted label 1 does not match actual label 0
Index 5453: Predicted label 0 does not match actual label 1
Index 5454: Predicted label 1 does not match actual label 0
Index 5455: Predicted label 1 does not match actual label 0
Index 5456: Predicted label 1 does not match actual label 0
Index 5470: Predicted label 0 does not match actual label 3
Index 5471: Predicted label 1 does not match actual label 0
Index 5479: Predicted label 0 does not match actual label 1
Index 5480: Predicted label 0 does not match actual label 1
Index 5482: Predicted label 1 does not match actual label 0
Index 5483: Predicted label 1 does not match actual label 0
Index 5489: Predicted label 1 does not match actual label 0
Index 5499: Predicted label 0 does not match actual label 1
Index 5503: Predicted label 1 does not match actual label 2
Index 5511: Predicted label 1 does not match actual label 0
Index 5513: Predicted label 0 does not match actual label 1
Index 5514: Predicted label 1 does not match actual label 3
Index 5519: Predicted label 1 does not match actual label 0
Index 5520: Predicted label 1 does not match actual label 0
Index 5527: Predicted label 0 does not match actual label 1
Index 5528: Predicted label 0 does not match actual label 1
Index 5529: Predicted label 0 does not match actual label 1
Index 5530: Predicted label 0 does not match actual label 1
Index 5534: Predicted label 1 does not match actual label 0
Index 5536: Predicted label 1 does not match actual label 0
Index 5538: Predicted label 1 does not match actual label 0
Index 5541: Predicted label 1 does not match actual label 0
Index 5543: Predicted label 0 does not match actual label 1
Index 5547: Predicted label 1 does not match actual label 0
Index 5549: Predicted label 1 does not match actual label 0
Index 5554: Predicted label 0 does not match actual label 1
Index 5566: Predicted label 1 does not match actual label 0
Index 5568: Predicted label 0 does not match actual label 1
Index 5569: Predicted label 0 does not match actual label 1
Index 5570: Predicted label 1 does not match actual label 0
Index 5575: Predicted label 1 does not match actual label 0
Index 5584: Predicted label 0 does not match actual label 2
Index 5586: Predicted label 1 does not match actual label 2
Index 5589: Predicted label 1 does not match actual label 0
Index 5591: Predicted label 0 does not match actual label 1
Index 5596: Predicted label 0 does not match actual label 1
Index 5597: Predicted label 1 does not match actual label 0
Index 5603: Predicted label 1 does not match actual label 0
Index 5604: Predicted label 1 does not match actual label 0
Index 5605: Predicted label 1 does not match actual label 0
Index 5606: Predicted label 1 does not match actual label 0
Index 5607: Predicted label 1 does not match actual label 0
Index 5611: Predicted label 0 does not match actual label 1
Index 5615: Predicted label 0 does not match actual label 1
Index 5619: Predicted label 1 does not match actual label 0
Index 5620: Predicted label 1 does not match actual label 0
Index 5624: Predicted label 0 does not match actual label 2
Index 5627: Predicted label 1 does not match actual label 0
Index 5635: Predicted label 1 does not match actual label 0
Index 5640: Predicted label 1 does not match actual label 0
Index 5646: Predicted label 1 does not match actual label 2
Index 5655: Predicted label 0 does not match actual label 1
Index 5664: Predicted label 1 does not match actual label 0
Index 5666: Predicted label 0 does not match actual label 1
Index 5668: Predicted label 1 does not match actual label 0
Index 5677: Predicted label 0 does not match actual label 1
Index 5678: Predicted label 1 does not match actual label 0
Index 5680: Predicted label 1 does not match actual label 0
Index 5688: Predicted label 0 does not match actual label 1
Index 5689: Predicted label 0 does not match actual label 1
Index 5690: Predicted label 0 does not match actual label 1
Index 5691: Predicted label 0 does not match actual label 1
Index 5694: Predicted label 1 does not match actual label 0
Index 5706: Predicted label 0 does not match actual label 1
Index 5708: Predicted label 1 does not match actual label 0
Index 5710: Predicted label 1 does not match actual label 0
Index 5715: Predicted label 1 does not match actual label 0
Index 5725: Predicted label 1 does not match actual label 0
Index 5727: Predicted label 1 does not match actual label 0
Index 5729: Predicted label 1 does not match actual label 0
Index 5732: Predicted label 1 does not match actual label 0
Index 5733: Predicted label 1 does not match actual label 0
Index 5738: Predicted label 1 does not match actual label 0
Index 5743: Predicted label 1 does not match actual label 0
Index 5744: Predicted label 1 does not match actual label 0
Index 5751: Predicted label 1 does not match actual label 0
Index 5755: Predicted label 1 does not match actual label 0
Index 5757: Predicted label 1 does not match actual label 0
Index 5759: Predicted label 0 does not match actual label 1
Index 5761: Predicted label 1 does not match actual label 0
Index 5764: Predicted label 0 does not match actual label 1
Index 5766: Predicted label 1 does not match actual label 0
Index 5769: Predicted label 0 does not match actual label 1
Index 5770: Predicted label 1 does not match actual label 0
Index 5772: Predicted label 1 does not match actual label 0
Index 5797: Predicted label 1 does not match actual label 0
Index 5804: Predicted label 1 does not match actual label 0
Index 5805: Predicted label 0 does not match actual label 3
Index 5824: Predicted label 1 does not match actual label 2
Index 5826: Predicted label 1 does not match actual label 0
Index 5827: Predicted label 0 does not match actual label 2
Index 5828: Predicted label 1 does not match actual label 2
Index 5839: Predicted label 1 does not match actual label 0
Index 5840: Predicted label 1 does not match actual label 0
Index 5841: Predicted label 1 does not match actual label 0
Index 5857: Predicted label 1 does not match actual label 0
Index 5859: Predicted label 0 does not match actual label 1
Index 5861: Predicted label 1 does not match actual label 0
Index 5869: Predicted label 1 does not match actual label 0
Index 5876: Predicted label 1 does not match actual label 3
Index 5881: Predicted label 0 does not match actual label 1
Index 5883: Predicted label 1 does not match actual label 0
Index 5886: Predicted label 1 does not match actual label 0
Index 5887: Predicted label 1 does not match actual label 0
Index 5889: Predicted label 1 does not match actual label 0
Index 5901: Predicted label 0 does not match actual label 1
Index 5902: Predicted label 1 does not match actual label 0
Index 5905: Predicted label 1 does not match actual label 0
Index 5906: Predicted label 1 does not match actual label 0
Index 5919: Predicted label 1 does not match actual label 0
Index 5921: Predicted label 1 does not match actual label 0
Index 5922: Predicted label 0 does not match actual label 1
Index 5923: Predicted label 1 does not match actual label 0
Index 5925: Predicted label 1 does not match actual label 2
Index 5938: Predicted label 1 does not match actual label 0
Index 5943: Predicted label 1 does not match actual label 0
Index 5946: Predicted label 0 does not match actual label 1
Index 5947: Predicted label 0 does not match actual label 1
Index 5960: Predicted label 1 does not match actual label 0
Index 5974: Predicted label 0 does not match actual label 1
Index 5975: Predicted label 1 does not match actual label 0
Index 5977: Predicted label 1 does not match actual label 0
Index 5987: Predicted label 1 does not match actual label 2
Index 6000: Predicted label 1 does not match actual label 0
Index 6005: Predicted label 0 does not match actual label 1
Index 6008: Predicted label 1 does not match actual label 2
Index 6018: Predicted label 1 does not match actual label 0
Index 6019: Predicted label 1 does not match actual label 0
Index 6024: Predicted label 0 does not match actual label 1
Index 6033: Predicted label 0 does not match actual label 2
Index 6041: Predicted label 1 does not match actual label 0
Index 6053: Predicted label 0 does not match actual label 2
Index 6056: Predicted label 1 does not match actual label 2
Index 6065: Predicted label 0 does not match actual label 1
Index 6067: Predicted label 1 does not match actual label 0
Index 6072: Predicted label 1 does not match actual label 0
Index 6079: Predicted label 1 does not match actual label 0
Index 6080: Predicted label 1 does not match actual label 0
Index 6081: Predicted label 1 does not match actual label 0
Index 6083: Predicted label 1 does not match actual label 0
Index 6093: Predicted label 0 does not match actual label 3
Index 6094: Predicted label 1 does not match actual label 3
Index 6095: Predicted label 1 does not match actual label 0
Index 6101: Predicted label 0 does not match actual label 2
Index 6108: Predicted label 0 does not match actual label 1
Index 6111: Predicted label 1 does not match actual label 0
Index 6114: Predicted label 1 does not match actual label 0
Index 6149: Predicted label 1 does not match actual label 0
Index 6153: Predicted label 0 does not match actual label 2
Index 6158: Predicted label 0 does not match actual label 1
Index 6159: Predicted label 0 does not match actual label 1
Index 6160: Predicted label 0 does not match actual label 1
Index 6167: Predicted label 1 does not match actual label 0
Index 6175: Predicted label 1 does not match actual label 0
Index 6189: Predicted label 1 does not match actual label 0
Index 6191: Predicted label 0 does not match actual label 1
Index 6197: Predicted label 1 does not match actual label 2
Index 6205: Predicted label 1 does not match actual label 0
Index 6210: Predicted label 1 does not match actual label 0
Index 6212: Predicted label 1 does not match actual label 2
Index 6216: Predicted label 0 does not match actual label 1
Index 6219: Predicted label 1 does not match actual label 0
Index 6220: Predicted label 1 does not match actual label 0
Index 6222: Predicted label 0 does not match actual label 2
Index 6227: Predicted label 1 does not match actual label 0
Index 6230: Predicted label 1 does not match actual label 0
Index 6233: Predicted label 1 does not match actual label 0
Index 6235: Predicted label 1 does not match actual label 0
Index 6240: Predicted label 1 does not match actual label 0
Index 6243: Predicted label 0 does not match actual label 1
Index 6251: Predicted label 0 does not match actual label 1
Index 6252: Predicted label 0 does not match actual label 1
Index 6254: Predicted label 1 does not match actual label 0
Index 6261: Predicted label 1 does not match actual label 0
Index 6263: Predicted label 0 does not match actual label 2
Index 6269: Predicted label 0 does not match actual label 1
Index 6274: Predicted label 1 does not match actual label 0
Index 6281: Predicted label 1 does not match actual label 2
Index 6291: Predicted label 0 does not match actual label 1
Index 6292: Predicted label 1 does not match actual label 0
Index 6293: Predicted label 1 does not match actual label 0
Index 6295: Predicted label 0 does not match actual label 3
Index 6296: Predicted label 1 does not match actual label 0
Index 6303: Predicted label 0 does not match actual label 1
Index 6306: Predicted label 1 does not match actual label 0
Index 6307: Predicted label 1 does not match actual label 0
Index 6308: Predicted label 1 does not match actual label 0
Index 6309: Predicted label 1 does not match actual label 0
Index 6316: Predicted label 1 does not match actual label 0
Index 6319: Predicted label 1 does not match actual label 0
Index 6320: Predicted label 1 does not match actual label 0
Index 6322: Predicted label 1 does not match actual label 0
Index 6330: Predicted label 1 does not match actual label 0
Index 6335: Predicted label 1 does not match actual label 0
Index 6336: Predicted label 1 does not match actual label 0
Index 6339: Predicted label 1 does not match actual label 0
Index 6350: Predicted label 0 does not match actual label 1
Index 6351: Predicted label 1 does not match actual label 0
Index 6352: Predicted label 1 does not match actual label 2
Index 6357: Predicted label 1 does not match actual label 0
Index 6360: Predicted label 1 does not match actual label 0
Index 6374: Predicted label 1 does not match actual label 2
Index 6383: Predicted label 1 does not match actual label 0
Index 6386: Predicted label 1 does not match actual label 0
Index 6387: Predicted label 1 does not match actual label 0
Index 6397: Predicted label 0 does not match actual label 1
Index 6398: Predicted label 1 does not match actual label 0
Index 6402: Predicted label 1 does not match actual label 0
Index 6408: Predicted label 1 does not match actual label 0
Index 6410: Predicted label 1 does not match actual label 0
Index 6417: Predicted label 1 does not match actual label 0
Index 6420: Predicted label 1 does not match actual label 0
Index 6424: Predicted label 1 does not match actual label 0
Index 6425: Predicted label 1 does not match actual label 0
Index 6426: Predicted label 1 does not match actual label 3
Index 6428: Predicted label 1 does not match actual label 2
Index 6430: Predicted label 1 does not match actual label 0
Index 6432: Predicted label 0 does not match actual label 1
Index 6442: Predicted label 0 does not match actual label 1
Index 6445: Predicted label 1 does not match actual label 0
Index 6446: Predicted label 1 does not match actual label 0
Index 6450: Predicted label 1 does not match actual label 0
Index 6451: Predicted label 1 does not match actual label 0
Index 6477: Predicted label 1 does not match actual label 0
Index 6488: Predicted label 1 does not match actual label 0
Index 6489: Predicted label 1 does not match actual label 0
Index 6490: Predicted label 1 does not match actual label 0
Index 6494: Predicted label 1 does not match actual label 0
Index 6505: Predicted label 0 does not match actual label 3
Index 6510: Predicted label 0 does not match actual label 2
Index 6511: Predicted label 1 does not match actual label 0
Index 6521: Predicted label 1 does not match actual label 0
Index 6522: Predicted label 1 does not match actual label 0
Index 6524: Predicted label 1 does not match actual label 0
Index 6526: Predicted label 0 does not match actual label 1
Index 6529: Predicted label 1 does not match actual label 0
Index 6530: Predicted label 0 does not match actual label 1
Index 6531: Predicted label 1 does not match actual label 0
Index 6537: Predicted label 1 does not match actual label 0
Index 6546: Predicted label 0 does not match actual label 1
Index 6554: Predicted label 1 does not match actual label 0
Index 6564: Predicted label 1 does not match actual label 0
Index 6565: Predicted label 1 does not match actual label 0
Index 6566: Predicted label 1 does not match actual label 0
Index 6567: Predicted label 1 does not match actual label 0
Index 6568: Predicted label 1 does not match actual label 0
Index 6569: Predicted label 1 does not match actual label 0
Index 6570: Predicted label 1 does not match actual label 0
Index 6577: Predicted label 1 does not match actual label 0
Index 6578: Predicted label 0 does not match actual label 1
Index 6580: Predicted label 1 does not match actual label 0
Index 6585: Predicted label 1 does not match actual label 0
Index 6590: Predicted label 1 does not match actual label 0
Index 6591: Predicted label 1 does not match actual label 0
Index 6593: Predicted label 1 does not match actual label 2
Index 6600: Predicted label 1 does not match actual label 0
Index 6601: Predicted label 1 does not match actual label 0
Index 6602: Predicted label 1 does not match actual label 0
Index 6603: Predicted label 0 does not match actual label 1
Index 6604: Predicted label 1 does not match actual label 0
Index 6606: Predicted label 1 does not match actual label 0
Index 6607: Predicted label 1 does not match actual label 0
Index 6609: Predicted label 1 does not match actual label 0
Index 6613: Predicted label 1 does not match actual label 0
Index 6620: Predicted label 0 does not match actual label 1
Index 6621: Predicted label 0 does not match actual label 1
Index 6622: Predicted label 0 does not match actual label 1
Index 6624: Predicted label 0 does not match actual label 1
Index 6625: Predicted label 0 does not match actual label 1
Index 6626: Predicted label 0 does not match actual label 1
Index 6629: Predicted label 0 does not match actual label 1
Index 6630: Predicted label 0 does not match actual label 1
Index 6631: Predicted label 0 does not match actual label 1
Index 6639: Predicted label 1 does not match actual label 0
Index 6655: Predicted label 0 does not match actual label 1
Index 6658: Predicted label 1 does not match actual label 0
Index 6660: Predicted label 1 does not match actual label 0
Index 6661: Predicted label 0 does not match actual label 1
Index 6667: Predicted label 1 does not match actual label 0
Index 6671: Predicted label 1 does not match actual label 0
Index 6672: Predicted label 1 does not match actual label 0
Index 6678: Predicted label 0 does not match actual label 1
Index 6679: Predicted label 0 does not match actual label 1
Index 6680: Predicted label 0 does not match actual label 1
Index 6681: Predicted label 0 does not match actual label 1
Index 6682: Predicted label 0 does not match actual label 1
Index 6683: Predicted label 0 does not match actual label 1
Index 6686: Predicted label 1 does not match actual label 0
Index 6704: Predicted label 1 does not match actual label 0
Index 6716: Predicted label 1 does not match actual label 0
Index 6717: Predicted label 1 does not match actual label 0
Index 6727: Predicted label 1 does not match actual label 0
Index 6728: Predicted label 1 does not match actual label 0
Index 6729: Predicted label 1 does not match actual label 0
Index 6741: Predicted label 1 does not match actual label 0
Index 6747: Predicted label 1 does not match actual label 0
Index 6752: Predicted label 1 does not match actual label 2
Index 6753: Predicted label 1 does not match actual label 0
Index 6754: Predicted label 1 does not match actual label 0
Index 6760: Predicted label 0 does not match actual label 1
Index 6761: Predicted label 1 does not match actual label 0
Index 6770: Predicted label 0 does not match actual label 1
Index 6772: Predicted label 1 does not match actual label 0
Index 6777: Predicted label 0 does not match actual label 2
Index 6781: Predicted label 1 does not match actual label 0
Index 6782: Predicted label 1 does not match actual label 0
Index 6783: Predicted label 1 does not match actual label 0
Index 6790: Predicted label 1 does not match actual label 0
Index 6794: Predicted label 1 does not match actual label 0
Index 6805: Predicted label 1 does not match actual label 0
Index 6812: Predicted label 1 does not match actual label 0
Index 6814: Predicted label 1 does not match actual label 0
Index 6826: Predicted label 1 does not match actual label 2
Index 6848: Predicted label 0 does not match actual label 1
Index 6849: Predicted label 1 does not match actual label 0
Index 6858: Predicted label 0 does not match actual label 1
Index 6866: Predicted label 1 does not match actual label 0
Index 6868: Predicted label 1 does not match actual label 0
Index 6871: Predicted label 1 does not match actual label 0
Index 6872: Predicted label 1 does not match actual label 0
Index 6873: Predicted label 1 does not match actual label 0
Index 6887: Predicted label 1 does not match actual label 0
Index 6889: Predicted label 1 does not match actual label 0
Index 6891: Predicted label 1 does not match actual label 0
Index 6896: Predicted label 1 does not match actual label 0
Index 6919: Predicted label 0 does not match actual label 1
Index 6920: Predicted label 1 does not match actual label 0
Index 6926: Predicted label 1 does not match actual label 0
Index 6931: Predicted label 0 does not match actual label 1
Index 6932: Predicted label 1 does not match actual label 0
Index 6936: Predicted label 0 does not match actual label 2
Index 6944: Predicted label 1 does not match actual label 0
Index 6945: Predicted label 1 does not match actual label 0
Index 6951: Predicted label 1 does not match actual label 0
Index 6956: Predicted label 1 does not match actual label 0
Index 6962: Predicted label 1 does not match actual label 0
Index 6967: Predicted label 0 does not match actual label 1
Index 6969: Predicted label 0 does not match actual label 1
Index 6972: Predicted label 1 does not match actual label 0
Index 6974: Predicted label 0 does not match actual label 2
Index 6975: Predicted label 1 does not match actual label 0
Index 6977: Predicted label 1 does not match actual label 0
Index 6983: Predicted label 1 does not match actual label 0
Index 6984: Predicted label 1 does not match actual label 0
Index 6985: Predicted label 1 does not match actual label 0
Index 6990: Predicted label 1 does not match actual label 2
Index 6995: Predicted label 1 does not match actual label 0
Index 7002: Predicted label 1 does not match actual label 0
Index 7005: Predicted label 0 does not match actual label 1
Index 7006: Predicted label 1 does not match actual label 0
Index 7012: Predicted label 0 does not match actual label 1
Index 7017: Predicted label 1 does not match actual label 0
Index 7021: Predicted label 0 does not match actual label 3
Index 7023: Predicted label 1 does not match actual label 0
Index 7026: Predicted label 0 does not match actual label 1
Index 7036: Predicted label 0 does not match actual label 3
Index 7040: Predicted label 1 does not match actual label 0
Index 7042: Predicted label 0 does not match actual label 1
Index 7045: Predicted label 0 does not match actual label 1
Index 7048: Predicted label 1 does not match actual label 0
Index 7051: Predicted label 1 does not match actual label 0
Index 7053: Predicted label 1 does not match actual label 0
Index 7054: Predicted label 1 does not match actual label 0
Index 7056: Predicted label 1 does not match actual label 0
Index 7063: Predicted label 1 does not match actual label 0
Index 7072: Predicted label 1 does not match actual label 0
Index 7073: Predicted label 1 does not match actual label 0
Index 7075: Predicted label 1 does not match actual label 0
Index 7079: Predicted label 0 does not match actual label 2
Index 7080: Predicted label 0 does not match actual label 2
Index 7081: Predicted label 0 does not match actual label 2
Index 7083: Predicted label 0 does not match actual label 2
Index 7086: Predicted label 1 does not match actual label 2
Index 7087: Predicted label 1 does not match actual label 0
Index 7088: Predicted label 1 does not match actual label 0
Index 7089: Predicted label 1 does not match actual label 0
Index 7090: Predicted label 1 does not match actual label 0
Index 7096: Predicted label 0 does not match actual label 2
Index 7097: Predicted label 1 does not match actual label 0
Index 7098: Predicted label 1 does not match actual label 0
Index 7103: Predicted label 1 does not match actual label 0
Index 7104: Predicted label 1 does not match actual label 0
Index 7111: Predicted label 0 does not match actual label 2
Index 7112: Predicted label 0 does not match actual label 1
Index 7113: Predicted label 0 does not match actual label 1
Index 7115: Predicted label 0 does not match actual label 1
Index 7118: Predicted label 1 does not match actual label 0
Index 7119: Predicted label 1 does not match actual label 0
Index 7125: Predicted label 1 does not match actual label 0
Index 7126: Predicted label 1 does not match actual label 0
Index 7133: Predicted label 1 does not match actual label 0
Index 7135: Predicted label 1 does not match actual label 0
Index 7145: Predicted label 1 does not match actual label 0
Index 7149: Predicted label 1 does not match actual label 0
Index 7150: Predicted label 1 does not match actual label 0
Index 7151: Predicted label 1 does not match actual label 0
Index 7153: Predicted label 1 does not match actual label 0
Index 7159: Predicted label 1 does not match actual label 0
Index 7161: Predicted label 1 does not match actual label 0
Index 7162: Predicted label 1 does not match actual label 0
Index 7164: Predicted label 1 does not match actual label 0
Index 7170: Predicted label 1 does not match actual label 0
Index 7174: Predicted label 1 does not match actual label 2
Index 7176: Predicted label 0 does not match actual label 1
Index 7177: Predicted label 0 does not match actual label 1
Index 7179: Predicted label 1 does not match actual label 0
Index 7183: Predicted label 1 does not match actual label 0
Index 7190: Predicted label 0 does not match actual label 2
Index 7195: Predicted label 0 does not match actual label 1
Index 7197: Predicted label 1 does not match actual label 0
Index 7200: Predicted label 1 does not match actual label 0
Index 7201: Predicted label 1 does not match actual label 2
Index 7203: Predicted label 1 does not match actual label 0
Index 7209: Predicted label 1 does not match actual label 0
Index 7213: Predicted label 1 does not match actual label 0
Index 7215: Predicted label 1 does not match actual label 0
Index 7219: Predicted label 1 does not match actual label 0
Index 7220: Predicted label 1 does not match actual label 2
Index 7224: Predicted label 1 does not match actual label 0
Index 7225: Predicted label 1 does not match actual label 0
Index 7233: Predicted label 1 does not match actual label 0
Index 7234: Predicted label 1 does not match actual label 0
Index 7235: Predicted label 1 does not match actual label 0
Index 7236: Predicted label 1 does not match actual label 0
Index 7237: Predicted label 1 does not match actual label 0
Index 7238: Predicted label 1 does not match actual label 0
Index 7239: Predicted label 1 does not match actual label 0
Index 7240: Predicted label 1 does not match actual label 0
Index 7241: Predicted label 1 does not match actual label 0
Index 7243: Predicted label 1 does not match actual label 0
Index 7244: Predicted label 1 does not match actual label 0
Index 7250: Predicted label 0 does not match actual label 3
Index 7251: Predicted label 1 does not match actual label 0
Index 7252: Predicted label 1 does not match actual label 0
Index 7253: Predicted label 1 does not match actual label 0
Index 7254: Predicted label 1 does not match actual label 0
Index 7257: Predicted label 1 does not match actual label 2
Index 7260: Predicted label 0 does not match actual label 2
Index 7261: Predicted label 0 does not match actual label 2
Index 7262: Predicted label 0 does not match actual label 1
Index 7264: Predicted label 1 does not match actual label 0
Index 7270: Predicted label 1 does not match actual label 2
Index 7272: Predicted label 1 does not match actual label 0
Index 7276: Predicted label 1 does not match actual label 0
Index 7278: Predicted label 1 does not match actual label 0
Index 7279: Predicted label 1 does not match actual label 0
Index 7283: Predicted label 0 does not match actual label 1
Index 7286: Predicted label 0 does not match actual label 2
Index 7287: Predicted label 0 does not match actual label 2
Index 7290: Predicted label 1 does not match actual label 0
Index 7291: Predicted label 1 does not match actual label 0
Index 7316: Predicted label 0 does not match actual label 1
Index 7317: Predicted label 0 does not match actual label 1
Index 7318: Predicted label 0 does not match actual label 1
Index 7319: Predicted label 1 does not match actual label 0
Index 7321: Predicted label 1 does not match actual label 2
Index 7323: Predicted label 0 does not match actual label 3
Index 7328: Predicted label 1 does not match actual label 0
Index 7329: Predicted label 1 does not match actual label 2
Index 7331: Predicted label 1 does not match actual label 0
Index 7343: Predicted label 1 does not match actual label 2
Index 7346: Predicted label 0 does not match actual label 3
Index 7347: Predicted label 0 does not match actual label 1
Index 7354: Predicted label 1 does not match actual label 3
Index 7356: Predicted label 0 does not match actual label 2
Index 7358: Predicted label 1 does not match actual label 0
Index 7366: Predicted label 1 does not match actual label 0
Index 7367: Predicted label 1 does not match actual label 0
Index 7368: Predicted label 1 does not match actual label 0
Index 7369: Predicted label 1 does not match actual label 0
Index 7372: Predicted label 1 does not match actual label 0
Index 7374: Predicted label 1 does not match actual label 0
Index 7375: Predicted label 0 does not match actual label 2
Index 7404: Predicted label 1 does not match actual label 0
Index 7409: Predicted label 1 does not match actual label 0
Index 7411: Predicted label 0 does not match actual label 1
Acc=0.7578493464492656, Precision=0.7578493464492656, Recall=0.7626796853810687, F1=0.7602568435282191
Confusion=[[1364. 1206.    0.    0.]
 [ 399. 4260.    0.    0.]
 [  79.   66.    0.    0.]
 [  27.   20.    0.    0.]]
